[2026-08-04 15:24:33] === starting DEFORM training: DLO_type=d003_v100 train_time_horizon=20 eval_time_horizon=100 max_update_steps=200 ===
[2026-08-04 15:24:33] GPU: NVIDIA GeForce RTX 2060 (cuda:0)
[2026-08-04 15:24:33] logging to logs/train_d003_v100.log
[2026-08-04 15:24:33] [data] precomputing mu_0 (bishop frames) for 56 train episodes, 288101 frames total, on CPU x11 workers
[2026-08-04 15:24:36] [data] [░░░░░░░░░░░░░░░░░░░░░░░░░░░░░░]   1.4% frames 3945/288101 eps 1/56  1330 frames/s  ETA 214s
[2026-08-04 15:24:36] [data] [░░░░░░░░░░░░░░░░░░░░░░░░░░░░░░]   2.7% frames 7890/288101 eps 2/56  2491 frames/s  ETA 112s
[2026-08-04 15:24:37] [data] [█░░░░░░░░░░░░░░░░░░░░░░░░░░░░░]   4.1% frames 11859/288101 eps 3/56  3221 frames/s  ETA 86s
[2026-08-04 15:24:38] [data] [█░░░░░░░░░░░░░░░░░░░░░░░░░░░░░]   5.7% frames 16565/288101 eps 4/56  3856 frames/s  ETA 70s
[2026-08-04 15:24:38] [data] [██░░░░░░░░░░░░░░░░░░░░░░░░░░░░]   7.5% frames 21475/288101 eps 5/56  4944 frames/s  ETA 54s
[2026-08-04 15:24:38] [data] [██░░░░░░░░░░░░░░░░░░░░░░░░░░░░]   9.1% frames 26181/288101 eps 6/56  5818 frames/s  ETA 45s
[2026-08-04 15:24:38] [data] [███░░░░░░░░░░░░░░░░░░░░░░░░░░░]  10.8% frames 31185/288101 eps 7/56  6764 frames/s  ETA 38s
[2026-08-04 15:24:38] [data] [███░░░░░░░░░░░░░░░░░░░░░░░░░░░]  12.7% frames 36475/288101 eps 8/56  7361 frames/s  ETA 34s
[2026-08-04 15:24:38] [data] [████░░░░░░░░░░░░░░░░░░░░░░░░░░]  14.5% frames 41765/288101 eps 9/56  8402 frames/s  ETA 29s
[2026-08-04 15:24:38] [data] [████░░░░░░░░░░░░░░░░░░░░░░░░░░]  16.3% frames 47055/288101 eps 10/56  9446 frames/s  ETA 26s
[2026-08-04 15:24:39] [data] [█████░░░░░░░░░░░░░░░░░░░░░░░░░]  18.7% frames 53940/288101 eps 11/56  8951 frames/s  ETA 26s
[2026-08-04 15:24:40] [data] [██████░░░░░░░░░░░░░░░░░░░░░░░░]  20.1% frames 57885/288101 eps 12/56  8771 frames/s  ETA 26s
[2026-08-04 15:24:40] [data] [██████░░░░░░░░░░░░░░░░░░░░░░░░]  21.5% frames 61854/288101 eps 13/56  9074 frames/s  ETA 25s
[2026-08-04 15:24:41] [data] [██████░░░░░░░░░░░░░░░░░░░░░░░░]  23.1% frames 66560/288101 eps 14/56  8509 frames/s  ETA 26s
[2026-08-04 15:24:41] [data] [███████░░░░░░░░░░░░░░░░░░░░░░░]  24.5% frames 70529/288101 eps 15/56  8957 frames/s  ETA 24s
[2026-08-04 15:24:43] [data] [███████░░░░░░░░░░░░░░░░░░░░░░░]  26.2% frames 75439/288101 eps 16/56  8101 frames/s  ETA 26s
[2026-08-04 15:24:43] [data] [████████░░░░░░░░░░░░░░░░░░░░░░]  27.8% frames 80145/288101 eps 17/56  8565 frames/s  ETA 24s
[2026-08-04 15:24:43] [data] [████████░░░░░░░░░░░░░░░░░░░░░░]  29.6% frames 85149/288101 eps 18/56  8933 frames/s  ETA 23s
[2026-08-04 15:24:43] [data] [█████████░░░░░░░░░░░░░░░░░░░░░]  31.8% frames 91482/288101 eps 19/56  9051 frames/s  ETA 22s
[2026-08-04 15:24:44] [data] [██████████░░░░░░░░░░░░░░░░░░░░]  34.1% frames 98367/288101 eps 20/56  9016 frames/s  ETA 21s
[2026-08-04 15:24:44] [data] [██████████░░░░░░░░░░░░░░░░░░░░]  36.5% frames 105252/288101 eps 21/56  9563 frames/s  ETA 19s
[2026-08-04 15:24:45] [data] [███████████░░░░░░░░░░░░░░░░░░░]  38.4% frames 110542/288101 eps 22/56  9708 frames/s  ETA 18s
[2026-08-04 15:24:45] [data] [████████████░░░░░░░░░░░░░░░░░░]  40.8% frames 117427/288101 eps 23/56  10231 frames/s  ETA 17s
[2026-08-04 15:24:45] [data] [████████████░░░░░░░░░░░░░░░░░░]  42.5% frames 122431/288101 eps 24/56  10647 frames/s  ETA 16s
[2026-08-04 15:24:46] [data] [█████████████░░░░░░░░░░░░░░░░░]  44.1% frames 126912/288101 eps 25/56  10240 frames/s  ETA 16s
[2026-08-04 15:24:46] [data] [█████████████░░░░░░░░░░░░░░░░░]  46.2% frames 133245/288101 eps 26/56  10255 frames/s  ETA 15s
[2026-08-04 15:24:48] [data] [██████████████░░░░░░░░░░░░░░░░]  48.1% frames 138535/288101 eps 27/56  9410 frames/s  ETA 16s
[2026-08-04 15:24:48] [data] [██████████████░░░░░░░░░░░░░░░░]  49.5% frames 142480/288101 eps 28/56  9581 frames/s  ETA 15s
[2026-08-04 15:24:48] [data] [███████████████░░░░░░░░░░░░░░░]  51.3% frames 147770/288101 eps 29/56  9889 frames/s  ETA 14s
[2026-08-04 15:24:49] [data] [███████████████░░░░░░░░░░░░░░░]  52.7% frames 151739/288101 eps 30/56  9814 frames/s  ETA 14s
[2026-08-04 15:24:49] [data] [████████████████░░░░░░░░░░░░░░]  54.9% frames 158072/288101 eps 31/56  10006 frames/s  ETA 13s
[2026-08-04 15:24:49] [data] [████████████████░░░░░░░░░░░░░░]  56.6% frames 163076/288101 eps 32/56  10129 frames/s  ETA 12s
[2026-08-04 15:24:50] [data] [█████████████████░░░░░░░░░░░░░]  59.0% frames 169961/288101 eps 33/56  10308 frames/s  ETA 11s
[2026-08-04 15:24:50] [data] [██████████████████░░░░░░░░░░░░]  60.7% frames 174965/288101 eps 34/56  10576 frames/s  ETA 11s
[2026-08-04 15:24:50] [data] [██████████████████░░░░░░░░░░░░]  63.1% frames 181850/288101 eps 35/56  10638 frames/s  ETA 10s
[2026-08-04 15:24:51] [data] [███████████████████░░░░░░░░░░░]  64.9% frames 187119/288101 eps 36/56  10544 frames/s  ETA 10s
[2026-08-04 15:24:51] [data] [███████████████████░░░░░░░░░░░]  66.6% frames 191825/288101 eps 37/56  10804 frames/s  ETA 9s
[2026-08-04 15:24:52] [data] [████████████████████░░░░░░░░░░]  68.3% frames 196829/288101 eps 38/56  10239 frames/s  ETA 9s
[2026-08-04 15:24:53] [data] [█████████████████████░░░░░░░░░]  70.0% frames 201739/288101 eps 39/56  10200 frames/s  ETA 8s
[2026-08-04 15:24:54] [data] [█████████████████████░░░░░░░░░]  71.4% frames 205708/288101 eps 40/56  10068 frames/s  ETA 8s
[2026-08-04 15:24:54] [data] [█████████████████████░░░░░░░░░]  73.1% frames 210712/288101 eps 41/56  10188 frames/s  ETA 8s
[2026-08-04 15:24:54] [data] [██████████████████████░░░░░░░░]  74.8% frames 215622/288101 eps 42/56  10418 frames/s  ETA 7s
[2026-08-04 15:24:54] [data] [███████████████████████░░░░░░░]  76.7% frames 220891/288101 eps 43/56  10584 frames/s  ETA 6s
[2026-08-04 15:24:54] [data] [███████████████████████░░░░░░░]  78.5% frames 226181/288101 eps 44/56  10677 frames/s  ETA 6s
[2026-08-04 15:24:55] [data] [████████████████████████░░░░░░]  80.7% frames 232514/288101 eps 45/56  10912 frames/s  ETA 5s
[2026-08-04 15:24:55] [data] [████████████████████████░░░░░░]  82.1% frames 236459/288101 eps 46/56  10859 frames/s  ETA 5s
[2026-08-04 15:24:55] [data] [█████████████████████████░░░░░]  83.8% frames 241463/288101 eps 47/56  10945 frames/s  ETA 4s
[2026-08-04 15:24:56] [data] [█████████████████████████░░░░░]  85.4% frames 245944/288101 eps 48/56  11008 frames/s  ETA 4s
[2026-08-04 15:24:56] [data] [██████████████████████████░░░░]  86.7% frames 249913/288101 eps 49/56  10757 frames/s  ETA 4s
[2026-08-04 15:24:57] [data] [██████████████████████████░░░░]  88.1% frames 253858/288101 eps 50/56  10524 frames/s  ETA 3s
[2026-08-04 15:24:58] [data] [██████████████████████████░░░░]  89.8% frames 258768/288101 eps 51/56  10560 frames/s  ETA 3s
[2026-08-04 15:24:58] [data] [███████████████████████████░░░]  91.7% frames 264058/288101 eps 52/56  10660 frames/s  ETA 2s
[2026-08-04 15:24:58] [data] [████████████████████████████░░]  93.4% frames 269062/288101 eps 53/56  10749 frames/s  ETA 2s
[2026-08-04 15:24:58] [data] [████████████████████████████░░]  95.8% frames 275947/288101 eps 54/56  11001 frames/s  ETA 1s
[2026-08-04 15:24:58] [data] [█████████████████████████████░]  97.6% frames 281216/288101 eps 55/56  11131 frames/s  ETA 1s
[2026-08-04 15:24:59] [data] [██████████████████████████████] 100.0% frames 288101/288101 eps 56/56  11220 frames/s  ETA 0s
[2026-08-04 15:24:59] [data] mu_0 precompute done in 25.7s
[2026-08-04 15:24:59] [data] loading 14 eval episodes
[2026-08-04 15:25:00] [eval] starting eval @ step=0  [░░░░░░░░░░░░░░░░░░░░░░░░░░░░░░]   0.0%  ETA nans
[2026-08-04 15:25:07] [eval] step=0 eval_loss=0.013243  (history: [0.01324335217475891])
[2026-08-04 17:59:08] === starting DEFORM training: DLO_type=d003_v100 train_time_horizon=20 eval_time_horizon=100 max_update_steps=200 ===
[2026-08-04 17:59:08] GPU: NVIDIA GeForce RTX 2060 (cuda:0)
[2026-08-04 17:59:08] logging to logs/train_d003_v100.log
[2026-08-04 17:59:08] [data] precomputing mu_0 (bishop frames) for 56 train episodes, 288101 frames total, on CPU x11 workers
[2026-08-04 17:59:10] [data] [░░░░░░░░░░░░░░░░░░░░░░░░░░░░░░]   1.6% frames 4706/288101 eps 1/56  1810 frames/s  ETA 157s
[2026-08-04 17:59:11] [data] [░░░░░░░░░░░░░░░░░░░░░░░░░░░░░░]   3.0% frames 8675/288101 eps 2/56  2412 frames/s  ETA 116s
[2026-08-04 17:59:11] [data] [█░░░░░░░░░░░░░░░░░░░░░░░░░░░░░]   4.4% frames 12620/288101 eps 3/56  3502 frames/s  ETA 79s
[2026-08-04 17:59:11] [data] [█░░░░░░░░░░░░░░░░░░░░░░░░░░░░░]   5.7% frames 16565/288101 eps 4/56  4559 frames/s  ETA 60s
[2026-08-04 17:59:12] [data] [██░░░░░░░░░░░░░░░░░░░░░░░░░░░░]   7.6% frames 21855/288101 eps 5/56  5088 frames/s  ETA 52s
[2026-08-04 17:59:12] [data] [██░░░░░░░░░░░░░░░░░░░░░░░░░░░░]   9.2% frames 26561/288101 eps 6/56  6148 frames/s  ETA 43s
[2026-08-04 17:59:12] [data] [███░░░░░░░░░░░░░░░░░░░░░░░░░░░]  10.9% frames 31471/288101 eps 7/56  7059 frames/s  ETA 36s
[2026-08-04 17:59:12] [data] [███░░░░░░░░░░░░░░░░░░░░░░░░░░░]  12.7% frames 36475/288101 eps 8/56  8128 frames/s  ETA 31s
[2026-08-04 17:59:12] [data] [████░░░░░░░░░░░░░░░░░░░░░░░░░░]  14.5% frames 41765/288101 eps 9/56  8743 frames/s  ETA 28s
[2026-08-04 17:59:12] [data] [████░░░░░░░░░░░░░░░░░░░░░░░░░░]  16.3% frames 47055/288101 eps 10/56  9759 frames/s  ETA 25s
[2026-08-04 17:59:13] [data] [█████░░░░░░░░░░░░░░░░░░░░░░░░░]  17.7% frames 51000/288101 eps 11/56  9557 frames/s  ETA 25s
[2026-08-04 17:59:14] [data] [██████░░░░░░░░░░░░░░░░░░░░░░░░]  20.1% frames 57885/288101 eps 12/56  9355 frames/s  ETA 25s
[2026-08-04 17:59:14] [data] [██████░░░░░░░░░░░░░░░░░░░░░░░░]  21.7% frames 62591/288101 eps 13/56  9516 frames/s  ETA 24s
[2026-08-04 17:59:15] [data] [██████░░░░░░░░░░░░░░░░░░░░░░░░]  23.1% frames 66560/288101 eps 14/56  9452 frames/s  ETA 23s
[2026-08-04 17:59:15] [data] [███████░░░░░░░░░░░░░░░░░░░░░░░]  24.5% frames 70529/288101 eps 15/56  9171 frames/s  ETA 24s
[2026-08-04 17:59:16] [data] [███████░░░░░░░░░░░░░░░░░░░░░░░]  26.2% frames 75533/288101 eps 16/56  8721 frames/s  ETA 24s
[2026-08-04 17:59:17] [data] [████████░░░░░░░░░░░░░░░░░░░░░░]  27.9% frames 80443/288101 eps 17/56  8831 frames/s  ETA 24s
[2026-08-04 17:59:17] [data] [█████████░░░░░░░░░░░░░░░░░░░░░]  30.1% frames 86776/288101 eps 18/56  9428 frames/s  ETA 21s
[2026-08-04 17:59:17] [data] [█████████░░░░░░░░░░░░░░░░░░░░░]  31.8% frames 91482/288101 eps 19/56  9756 frames/s  ETA 20s
[2026-08-04 17:59:18] [data] [██████████░░░░░░░░░░░░░░░░░░░░]  34.0% frames 97815/288101 eps 20/56  9880 frames/s  ETA 19s
[2026-08-04 17:59:18] [data] [██████████░░░░░░░░░░░░░░░░░░░░]  36.3% frames 104700/288101 eps 21/56  10149 frames/s  ETA 18s
[2026-08-04 17:59:18] [data] [███████████░░░░░░░░░░░░░░░░░░░]  38.7% frames 111585/288101 eps 22/56  10584 frames/s  ETA 17s
[2026-08-04 17:59:18] [data] [████████████░░░░░░░░░░░░░░░░░░]  40.5% frames 116589/288101 eps 23/56  10911 frames/s  ETA 16s
[2026-08-04 17:59:19] [data] [████████████░░░░░░░░░░░░░░░░░░]  42.9% frames 123474/288101 eps 24/56  11311 frames/s  ETA 15s
[2026-08-04 17:59:19] [data] [█████████████░░░░░░░░░░░░░░░░░]  44.4% frames 127955/288101 eps 25/56  10809 frames/s  ETA 15s
[2026-08-04 17:59:20] [data] [█████████████░░░░░░░░░░░░░░░░░]  46.2% frames 133245/288101 eps 26/56  11193 frames/s  ETA 14s
[2026-08-04 17:59:21] [data] [██████████████░░░░░░░░░░░░░░░░]  47.6% frames 137190/288101 eps 27/56  10191 frames/s  ETA 15s
[2026-08-04 17:59:22] [data] [██████████████░░░░░░░░░░░░░░░░]  49.5% frames 142480/288101 eps 28/56  10270 frames/s  ETA 14s
[2026-08-04 17:59:22] [data] [███████████████░░░░░░░░░░░░░░░]  51.3% frames 147770/288101 eps 29/56  10396 frames/s  ETA 13s
[2026-08-04 17:59:22] [data] [███████████████░░░░░░░░░░░░░░░]  52.7% frames 151739/288101 eps 30/56  10406 frames/s  ETA 13s
[2026-08-04 17:59:23] [data] [████████████████░░░░░░░░░░░░░░]  54.4% frames 156743/288101 eps 31/56  10242 frames/s  ETA 13s
[2026-08-04 17:59:23] [data] [████████████████░░░░░░░░░░░░░░]  56.6% frames 163076/288101 eps 32/56  10540 frames/s  ETA 12s
[2026-08-04 17:59:23] [data] [█████████████████░░░░░░░░░░░░░]  58.3% frames 168080/288101 eps 33/56  10642 frames/s  ETA 11s
[2026-08-04 17:59:23] [data] [██████████████████░░░░░░░░░░░░]  60.7% frames 174965/288101 eps 34/56  11041 frames/s  ETA 10s
[2026-08-04 17:59:24] [data] [██████████████████░░░░░░░░░░░░]  63.1% frames 181850/288101 eps 35/56  11191 frames/s  ETA 9s
[2026-08-04 17:59:24] [data] [███████████████████░░░░░░░░░░░]  64.8% frames 186556/288101 eps 36/56  11214 frames/s  ETA 9s
[2026-08-04 17:59:25] [data] [███████████████████░░░░░░░░░░░]  66.6% frames 191825/288101 eps 37/56  11224 frames/s  ETA 9s
[2026-08-04 17:59:26] [data] [████████████████████░░░░░░░░░░]  68.3% frames 196735/288101 eps 38/56  10526 frames/s  ETA 9s
[2026-08-04 17:59:27] [data] [████████████████████░░░░░░░░░░]  70.0% frames 201645/288101 eps 39/56  10686 frames/s  ETA 8s
[2026-08-04 17:59:27] [data] [█████████████████████░░░░░░░░░]  71.7% frames 206649/288101 eps 40/56  10878 frames/s  ETA 7s
[2026-08-04 17:59:27] [data] [██████████████████████░░░░░░░░]  73.9% frames 212982/288101 eps 41/56  10753 frames/s  ETA 7s
[2026-08-04 17:59:27] [data] [██████████████████████░░░░░░░░]  75.3% frames 216951/288101 eps 42/56  10938 frames/s  ETA 7s
[2026-08-04 17:59:28] [data] [███████████████████████░░░░░░░]  77.1% frames 222220/288101 eps 43/56  11153 frames/s  ETA 6s
[2026-08-04 17:59:28] [data] [███████████████████████░░░░░░░]  78.9% frames 227224/288101 eps 44/56  11066 frames/s  ETA 6s
[2026-08-04 17:59:28] [data] [████████████████████████░░░░░░]  80.7% frames 232514/288101 eps 45/56  11280 frames/s  ETA 5s
[2026-08-04 17:59:29] [data] [████████████████████████░░░░░░]  82.1% frames 236459/288101 eps 46/56  11238 frames/s  ETA 5s
[2026-08-04 17:59:29] [data] [█████████████████████████░░░░░]  83.6% frames 240940/288101 eps 47/56  11393 frames/s  ETA 4s
[2026-08-04 17:59:29] [data] [█████████████████████████░░░░░]  85.4% frames 245944/288101 eps 48/56  11582 frames/s  ETA 4s
[2026-08-04 17:59:30] [data] [██████████████████████████░░░░]  86.7% frames 249913/288101 eps 49/56  10959 frames/s  ETA 3s
[2026-08-04 17:59:31] [data] [██████████████████████████░░░░]  89.1% frames 256798/288101 eps 50/56  11165 frames/s  ETA 3s
[2026-08-04 17:59:31] [data] [███████████████████████████░░░]  90.8% frames 261708/288101 eps 51/56  11231 frames/s  ETA 2s
[2026-08-04 17:59:31] [data] [███████████████████████████░░░]  92.6% frames 266712/288101 eps 52/56  11348 frames/s  ETA 2s
[2026-08-04 17:59:31] [data] [████████████████████████████░░]  94.4% frames 271981/288101 eps 53/56  11568 frames/s  ETA 1s
[2026-08-04 17:59:31] [data] [████████████████████████████░░]  95.8% frames 275926/288101 eps 54/56  11586 frames/s  ETA 1s
[2026-08-04 17:59:32] [data] [█████████████████████████████░]  97.6% frames 281216/288101 eps 55/56  11677 frames/s  ETA 1s
[2026-08-04 17:59:32] [data] [██████████████████████████████] 100.0% frames 288101/288101 eps 56/56  11663 frames/s  ETA 0s
[2026-08-04 17:59:32] [data] mu_0 precompute done in 24.7s
[2026-08-04 17:59:32] [data] loading 14 eval episodes
[2026-08-04 17:59:34] [eval] starting eval @ step=0  [░░░░░░░░░░░░░░░░░░░░░░░░░░░░░░]   0.0%  ETA nans
[2026-08-04 17:59:39] [eval] step=0 eval_loss=0.013243  (history: [0.013243354558944702])
[2026-08-04 17:59:45] [train] step=1 epoch=0 loss=0.010492  [░░░░░░░░░░░░░░░░░░░░░░░░░░░░░░]   0.5%  ETA 2292s
[2026-08-04 17:59:51] [train] step=2 epoch=0 loss=0.010902  [░░░░░░░░░░░░░░░░░░░░░░░░░░░░░░]   1.0%  ETA 1713s
[2026-08-04 17:59:57] [train] step=3 epoch=0 loss=0.010276  [░░░░░░░░░░░░░░░░░░░░░░░░░░░░░░]   1.5%  ETA 1521s
[2026-08-04 18:00:02] [train] step=4 epoch=0 loss=0.010920  [░░░░░░░░░░░░░░░░░░░░░░░░░░░░░░]   2.0%  ETA 1409s
[2026-08-04 18:00:08] [train] step=5 epoch=0 loss=0.012477  [░░░░░░░░░░░░░░░░░░░░░░░░░░░░░░]   2.5%  ETA 1343s
[2026-08-04 18:00:14] [train] step=6 epoch=0 loss=0.011384  [░░░░░░░░░░░░░░░░░░░░░░░░░░░░░░]   3.0%  ETA 1293s
[2026-08-04 18:00:19] [train] step=7 epoch=0 loss=0.010427  [█░░░░░░░░░░░░░░░░░░░░░░░░░░░░░]   3.5%  ETA 1259s
[2026-08-04 18:00:25] [train] step=8 epoch=0 loss=0.010222  [█░░░░░░░░░░░░░░░░░░░░░░░░░░░░░]   4.0%  ETA 1233s
[2026-08-04 18:00:31] [train] step=9 epoch=0 loss=0.009297  [█░░░░░░░░░░░░░░░░░░░░░░░░░░░░░]   4.5%  ETA 1218s
[2026-08-04 18:00:37] [train] step=10 epoch=0 loss=0.009764  [█░░░░░░░░░░░░░░░░░░░░░░░░░░░░░]   5.0%  ETA 1206s
[2026-08-04 18:00:44] [train] step=11 epoch=0 loss=0.009811  [█░░░░░░░░░░░░░░░░░░░░░░░░░░░░░]   5.5%  ETA 1204s
[2026-08-04 18:00:50] [train] step=12 epoch=0 loss=0.009776  [█░░░░░░░░░░░░░░░░░░░░░░░░░░░░░]   6.0%  ETA 1192s
[2026-08-04 18:00:56] [train] step=13 epoch=0 loss=0.009825  [█░░░░░░░░░░░░░░░░░░░░░░░░░░░░░]   6.5%  ETA 1180s
[2026-08-04 18:01:02] [train] step=14 epoch=0 loss=0.009859  [██░░░░░░░░░░░░░░░░░░░░░░░░░░░░]   7.0%  ETA 1176s
[2026-08-04 18:01:08] [train] step=15 epoch=0 loss=0.010511  [██░░░░░░░░░░░░░░░░░░░░░░░░░░░░]   7.5%  ETA 1170s
[2026-08-04 18:01:16] [train] step=16 epoch=0 loss=0.009056  [██░░░░░░░░░░░░░░░░░░░░░░░░░░░░]   8.0%  ETA 1175s
[2026-08-04 18:01:22] [train] step=17 epoch=0 loss=0.009139  [██░░░░░░░░░░░░░░░░░░░░░░░░░░░░]   8.5%  ETA 1163s
[2026-08-04 18:01:28] [train] step=18 epoch=0 loss=0.010369  [██░░░░░░░░░░░░░░░░░░░░░░░░░░░░]   9.0%  ETA 1156s
[2026-08-04 18:01:34] [train] step=19 epoch=0 loss=0.010625  [██░░░░░░░░░░░░░░░░░░░░░░░░░░░░]   9.5%  ETA 1144s
[2026-08-04 18:01:40] [train] step=20 epoch=0 loss=0.010357  [███░░░░░░░░░░░░░░░░░░░░░░░░░░░]  10.0%  ETA 1134s
[2026-08-04 18:01:40] [eval] starting eval @ step=20  [███░░░░░░░░░░░░░░░░░░░░░░░░░░░]  10.0%  ETA 1134s
[2026-08-04 18:01:45] [eval] step=20 eval_loss=0.008417  (history: [0.013243354558944702, 0.00841745913028717])
[2026-08-04 18:01:52] [train] step=21 epoch=0 loss=0.009969  [███░░░░░░░░░░░░░░░░░░░░░░░░░░░]  10.5%  ETA 1179s
[2026-08-04 18:01:58] [train] step=22 epoch=0 loss=0.009651  [███░░░░░░░░░░░░░░░░░░░░░░░░░░░]  11.0%  ETA 1167s
[2026-08-04 18:02:04] [train] step=23 epoch=0 loss=0.010553  [███░░░░░░░░░░░░░░░░░░░░░░░░░░░]  11.5%  ETA 1156s
[2026-08-04 18:02:10] [train] step=24 epoch=0 loss=0.009326  [███░░░░░░░░░░░░░░░░░░░░░░░░░░░]  12.0%  ETA 1144s
[2026-08-04 18:02:16] [train] step=25 epoch=0 loss=0.010201  [███░░░░░░░░░░░░░░░░░░░░░░░░░░░]  12.5%  ETA 1136s
[2026-08-04 18:02:22] [train] step=26 epoch=0 loss=0.009055  [███░░░░░░░░░░░░░░░░░░░░░░░░░░░]  13.0%  ETA 1127s
[2026-08-04 18:02:28] [train] step=27 epoch=0 loss=0.009786  [████░░░░░░░░░░░░░░░░░░░░░░░░░░]  13.5%  ETA 1120s
[2026-08-04 18:02:34] [train] step=28 epoch=0 loss=0.008391  [████░░░░░░░░░░░░░░░░░░░░░░░░░░]  14.0%  ETA 1111s
[2026-08-04 18:02:40] [train] step=29 epoch=0 loss=0.008554  [████░░░░░░░░░░░░░░░░░░░░░░░░░░]  14.5%  ETA 1101s
[2026-08-04 18:02:46] [train] step=30 epoch=0 loss=0.010026  [████░░░░░░░░░░░░░░░░░░░░░░░░░░]  15.0%  ETA 1091s
[2026-08-04 18:02:52] [train] step=31 epoch=0 loss=0.008993  [████░░░░░░░░░░░░░░░░░░░░░░░░░░]  15.5%  ETA 1081s
[2026-08-04 18:02:57] [train] step=32 epoch=0 loss=0.010720  [████░░░░░░░░░░░░░░░░░░░░░░░░░░]  16.0%  ETA 1070s
[2026-08-04 18:03:03] [train] step=33 epoch=0 loss=0.009316  [████░░░░░░░░░░░░░░░░░░░░░░░░░░]  16.5%  ETA 1060s
[2026-08-04 18:03:08] [train] step=34 epoch=0 loss=0.009670  [█████░░░░░░░░░░░░░░░░░░░░░░░░░]  17.0%  ETA 1049s
[2026-08-04 18:03:14] [train] step=35 epoch=0 loss=0.009443  [█████░░░░░░░░░░░░░░░░░░░░░░░░░]  17.5%  ETA 1040s
[2026-08-04 18:03:20] [train] step=36 epoch=0 loss=0.009579  [█████░░░░░░░░░░░░░░░░░░░░░░░░░]  18.0%  ETA 1030s
[2026-08-04 18:03:25] [train] step=37 epoch=0 loss=0.009471  [█████░░░░░░░░░░░░░░░░░░░░░░░░░]  18.5%  ETA 1020s
[2026-08-04 18:03:31] [train] step=38 epoch=0 loss=0.008289  [█████░░░░░░░░░░░░░░░░░░░░░░░░░]  19.0%  ETA 1012s
[2026-08-04 18:03:37] [train] step=39 epoch=0 loss=0.009257  [█████░░░░░░░░░░░░░░░░░░░░░░░░░]  19.5%  ETA 1003s
[2026-08-04 18:03:42] [train] step=40 epoch=0 loss=0.009903  [██████░░░░░░░░░░░░░░░░░░░░░░░░]  20.0%  ETA 995s
[2026-08-04 18:03:42] [eval] starting eval @ step=40  [██████░░░░░░░░░░░░░░░░░░░░░░░░]  20.0%  ETA 995s
[2026-08-04 18:03:48] [eval] step=40 eval_loss=0.006444  (history: [0.013243354558944702, 0.00841745913028717, 0.006443929076194763])
[2026-08-04 18:03:53] [train] step=41 epoch=0 loss=0.008425  [██████░░░░░░░░░░░░░░░░░░░░░░░░]  20.5%  ETA 1007s
[2026-08-04 18:03:59] [train] step=42 epoch=0 loss=0.009603  [██████░░░░░░░░░░░░░░░░░░░░░░░░]  21.0%  ETA 998s
[2026-08-04 18:04:05] [train] step=43 epoch=0 loss=0.009380  [██████░░░░░░░░░░░░░░░░░░░░░░░░]  21.5%  ETA 990s
[2026-08-04 18:04:10] [train] step=44 epoch=0 loss=0.008843  [██████░░░░░░░░░░░░░░░░░░░░░░░░]  22.0%  ETA 982s
[2026-08-04 18:04:16] [train] step=45 epoch=0 loss=0.008691  [██████░░░░░░░░░░░░░░░░░░░░░░░░]  22.5%  ETA 973s
[2026-08-04 18:04:22] [train] step=46 epoch=0 loss=0.008825  [██████░░░░░░░░░░░░░░░░░░░░░░░░]  23.0%  ETA 965s
[2026-08-04 18:04:28] [train] step=47 epoch=0 loss=0.009090  [███████░░░░░░░░░░░░░░░░░░░░░░░]  23.5%  ETA 958s
[2026-08-04 18:04:34] [train] step=48 epoch=0 loss=0.009926  [███████░░░░░░░░░░░░░░░░░░░░░░░]  24.0%  ETA 951s
[2026-08-04 18:04:40] [train] step=49 epoch=0 loss=0.007986  [███████░░░░░░░░░░░░░░░░░░░░░░░]  24.5%  ETA 944s
[2026-08-04 18:04:46] [train] step=50 epoch=0 loss=0.009430  [███████░░░░░░░░░░░░░░░░░░░░░░░]  25.0%  ETA 937s
[2026-08-04 18:04:52] [train] step=51 epoch=0 loss=0.009415  [███████░░░░░░░░░░░░░░░░░░░░░░░]  25.5%  ETA 930s
[2026-08-04 18:04:58] [train] step=52 epoch=0 loss=0.008477  [███████░░░░░░░░░░░░░░░░░░░░░░░]  26.0%  ETA 923s
[2026-08-04 18:05:04] [train] step=53 epoch=0 loss=0.008536  [███████░░░░░░░░░░░░░░░░░░░░░░░]  26.5%  ETA 916s
[2026-08-04 18:05:10] [train] step=54 epoch=0 loss=0.008239  [████████░░░░░░░░░░░░░░░░░░░░░░]  27.0%  ETA 909s
[2026-08-04 18:05:15] [train] step=55 epoch=0 loss=0.009147  [████████░░░░░░░░░░░░░░░░░░░░░░]  27.5%  ETA 901s
[2026-08-04 18:05:21] [train] step=56 epoch=0 loss=0.009162  [████████░░░░░░░░░░░░░░░░░░░░░░]  28.0%  ETA 893s
[2026-08-04 18:05:26] [train] step=57 epoch=0 loss=0.007687  [████████░░░░░░░░░░░░░░░░░░░░░░]  28.5%  ETA 885s
[2026-08-04 18:05:32] [train] step=58 epoch=0 loss=0.008139  [████████░░░░░░░░░░░░░░░░░░░░░░]  29.0%  ETA 877s
[2026-08-04 18:05:37] [train] step=59 epoch=0 loss=0.007226  [████████░░░░░░░░░░░░░░░░░░░░░░]  29.5%  ETA 869s
[2026-08-04 18:05:43] [train] step=60 epoch=0 loss=0.008498  [█████████░░░░░░░░░░░░░░░░░░░░░]  30.0%  ETA 862s
[2026-08-04 18:05:43] [eval] starting eval @ step=60  [█████████░░░░░░░░░░░░░░░░░░░░░]  30.0%  ETA 862s
[2026-08-04 18:05:48] [eval] step=60 eval_loss=0.005460  (history: [0.013243354558944702, 0.00841745913028717, 0.006443929076194763, 0.0054599779844284055])
[2026-08-04 18:05:53] [train] step=61 epoch=0 loss=0.009241  [█████████░░░░░░░░░░░░░░░░░░░░░]  30.5%  ETA 865s
[2026-08-04 18:05:59] [train] step=62 epoch=0 loss=0.007459  [█████████░░░░░░░░░░░░░░░░░░░░░]  31.0%  ETA 857s
[2026-08-04 18:06:04] [train] step=63 epoch=0 loss=0.008997  [█████████░░░░░░░░░░░░░░░░░░░░░]  31.5%  ETA 849s
[2026-08-04 18:06:10] [train] step=64 epoch=0 loss=0.010524  [█████████░░░░░░░░░░░░░░░░░░░░░]  32.0%  ETA 842s
[2026-08-04 18:06:15] [train] step=65 epoch=0 loss=0.009377  [█████████░░░░░░░░░░░░░░░░░░░░░]  32.5%  ETA 834s
[2026-08-04 18:06:21] [train] step=66 epoch=0 loss=0.009240  [█████████░░░░░░░░░░░░░░░░░░░░░]  33.0%  ETA 826s
[2026-08-04 18:06:26] [train] step=67 epoch=0 loss=0.009396  [██████████░░░░░░░░░░░░░░░░░░░░]  33.5%  ETA 818s
[2026-08-04 18:06:31] [train] step=68 epoch=0 loss=0.008033  [██████████░░░░░░░░░░░░░░░░░░░░]  34.0%  ETA 811s
[2026-08-04 18:06:37] [train] step=69 epoch=0 loss=0.008925  [██████████░░░░░░░░░░░░░░░░░░░░]  34.5%  ETA 804s
[2026-08-04 18:06:42] [train] step=70 epoch=0 loss=0.008152  [██████████░░░░░░░░░░░░░░░░░░░░]  35.0%  ETA 796s
[2026-08-04 18:06:48] [train] step=71 epoch=0 loss=0.008447  [██████████░░░░░░░░░░░░░░░░░░░░]  35.5%  ETA 789s
[2026-08-04 18:06:53] [train] step=72 epoch=0 loss=0.009726  [██████████░░░░░░░░░░░░░░░░░░░░]  36.0%  ETA 781s
[2026-08-04 18:06:59] [train] step=73 epoch=0 loss=0.007424  [██████████░░░░░░░░░░░░░░░░░░░░]  36.5%  ETA 774s
[2026-08-04 18:07:04] [train] step=74 epoch=0 loss=0.008008  [███████████░░░░░░░░░░░░░░░░░░░]  37.0%  ETA 767s
[2026-08-04 18:07:09] [train] step=75 epoch=0 loss=0.008426  [███████████░░░░░░░░░░░░░░░░░░░]  37.5%  ETA 760s
[2026-08-04 18:07:15] [train] step=76 epoch=0 loss=0.008239  [███████████░░░░░░░░░░░░░░░░░░░]  38.0%  ETA 753s
[2026-08-04 18:07:20] [train] step=77 epoch=0 loss=0.008484  [███████████░░░░░░░░░░░░░░░░░░░]  38.5%  ETA 745s
[2026-08-04 18:07:26] [train] step=78 epoch=0 loss=0.010259  [███████████░░░░░░░░░░░░░░░░░░░]  39.0%  ETA 738s
[2026-08-04 18:07:31] [train] step=79 epoch=0 loss=0.008237  [███████████░░░░░░░░░░░░░░░░░░░]  39.5%  ETA 731s
[2026-08-04 18:07:36] [train] step=80 epoch=0 loss=0.008547  [████████████░░░░░░░░░░░░░░░░░░]  40.0%  ETA 724s
[2026-08-04 18:07:37] [eval] starting eval @ step=80  [████████████░░░░░░░░░░░░░░░░░░]  40.0%  ETA 724s
[2026-08-04 18:07:41] [eval] step=80 eval_loss=0.005113  (history: [0.013243354558944702, 0.00841745913028717, 0.006443929076194763, 0.0054599779844284055, 0.0051131385564804075])
[2026-08-04 18:07:47] [train] step=81 epoch=0 loss=0.008224  [████████████░░░░░░░░░░░░░░░░░░]  40.5%  ETA 725s
[2026-08-04 18:07:52] [train] step=82 epoch=0 loss=0.007693  [████████████░░░░░░░░░░░░░░░░░░]  41.0%  ETA 718s
[2026-08-04 18:07:58] [train] step=83 epoch=0 loss=0.007741  [████████████░░░░░░░░░░░░░░░░░░]  41.5%  ETA 711s
[2026-08-04 18:08:03] [train] step=84 epoch=0 loss=0.007332  [████████████░░░░░░░░░░░░░░░░░░]  42.0%  ETA 704s
[2026-08-04 18:08:09] [train] step=85 epoch=0 loss=0.009381  [████████████░░░░░░░░░░░░░░░░░░]  42.5%  ETA 697s
[2026-08-04 18:08:14] [train] step=86 epoch=0 loss=0.008326  [████████████░░░░░░░░░░░░░░░░░░]  43.0%  ETA 690s
[2026-08-04 18:08:20] [train] step=87 epoch=0 loss=0.008847  [█████████████░░░░░░░░░░░░░░░░░]  43.5%  ETA 683s
[2026-08-04 18:08:25] [train] step=88 epoch=0 loss=0.007846  [█████████████░░░░░░░░░░░░░░░░░]  44.0%  ETA 676s
[2026-08-04 18:08:30] [train] step=89 epoch=0 loss=0.008135  [█████████████░░░░░░░░░░░░░░░░░]  44.5%  ETA 670s
[2026-08-04 18:08:36] [train] step=90 epoch=0 loss=0.008777  [█████████████░░░░░░░░░░░░░░░░░]  45.0%  ETA 663s
[2026-08-04 18:08:41] [train] step=91 epoch=0 loss=0.008136  [█████████████░░░░░░░░░░░░░░░░░]  45.5%  ETA 656s
[2026-08-04 18:08:47] [train] step=92 epoch=0 loss=0.007440  [█████████████░░░░░░░░░░░░░░░░░]  46.0%  ETA 650s
[2026-08-04 18:08:52] [train] step=93 epoch=0 loss=0.008253  [█████████████░░░░░░░░░░░░░░░░░]  46.5%  ETA 643s
[2026-08-04 18:08:58] [train] step=94 epoch=0 loss=0.007815  [██████████████░░░░░░░░░░░░░░░░]  47.0%  ETA 636s
[2026-08-04 18:09:03] [train] step=95 epoch=0 loss=0.007209  [██████████████░░░░░░░░░░░░░░░░]  47.5%  ETA 630s
[2026-08-04 18:09:09] [train] step=96 epoch=0 loss=0.007612  [██████████████░░░░░░░░░░░░░░░░]  48.0%  ETA 623s
[2026-08-04 18:09:14] [train] step=97 epoch=0 loss=0.008807  [██████████████░░░░░░░░░░░░░░░░]  48.5%  ETA 616s
[2026-08-04 18:09:19] [train] step=98 epoch=0 loss=0.008537  [██████████████░░░░░░░░░░░░░░░░]  49.0%  ETA 610s
[2026-08-04 18:09:25] [train] step=99 epoch=0 loss=0.008177  [██████████████░░░░░░░░░░░░░░░░]  49.5%  ETA 603s
[2026-08-04 18:09:30] [train] step=100 epoch=0 loss=0.007570  [███████████████░░░░░░░░░░░░░░░]  50.0%  ETA 597s
[2026-08-04 18:09:30] [eval] starting eval @ step=100  [███████████████░░░░░░░░░░░░░░░]  50.0%  ETA 597s
[2026-08-04 18:09:35] [eval] step=100 eval_loss=0.004400  (history: [0.013243354558944702, 0.00841745913028717, 0.006443929076194763, 0.0054599779844284055, 0.0051131385564804075, 0.004399745464324951])
[2026-08-04 18:09:41] [train] step=101 epoch=0 loss=0.007856  [███████████████░░░░░░░░░░░░░░░]  50.5%  ETA 595s
[2026-08-04 18:09:46] [train] step=102 epoch=0 loss=0.007417  [███████████████░░░░░░░░░░░░░░░]  51.0%  ETA 589s
[2026-08-04 18:09:52] [train] step=103 epoch=0 loss=0.008719  [███████████████░░░░░░░░░░░░░░░]  51.5%  ETA 582s
[2026-08-04 18:09:57] [train] step=104 epoch=0 loss=0.007348  [███████████████░░░░░░░░░░░░░░░]  52.0%  ETA 576s
[2026-08-04 18:10:03] [train] step=105 epoch=0 loss=0.008390  [███████████████░░░░░░░░░░░░░░░]  52.5%  ETA 569s
[2026-08-04 18:10:08] [train] step=106 epoch=0 loss=0.007460  [███████████████░░░░░░░░░░░░░░░]  53.0%  ETA 563s
[2026-08-04 18:10:14] [train] step=107 epoch=0 loss=0.007297  [████████████████░░░░░░░░░░░░░░]  53.5%  ETA 557s
[2026-08-04 18:10:19] [train] step=108 epoch=0 loss=0.007051  [████████████████░░░░░░░░░░░░░░]  54.0%  ETA 550s
[2026-08-04 18:10:25] [train] step=109 epoch=0 loss=0.008072  [████████████████░░░░░░░░░░░░░░]  54.5%  ETA 544s
[2026-08-04 18:10:30] [train] step=110 epoch=0 loss=0.008888  [████████████████░░░░░░░░░░░░░░]  55.0%  ETA 537s
[2026-08-04 18:10:36] [train] step=111 epoch=0 loss=0.008833  [████████████████░░░░░░░░░░░░░░]  55.5%  ETA 531s
[2026-08-04 18:10:42] [train] step=112 epoch=0 loss=0.009244  [████████████████░░░░░░░░░░░░░░]  56.0%  ETA 525s
[2026-08-04 18:10:48] [train] step=113 epoch=0 loss=0.007972  [████████████████░░░░░░░░░░░░░░]  56.5%  ETA 519s
[2026-08-04 18:10:53] [train] step=114 epoch=0 loss=0.007675  [█████████████████░░░░░░░░░░░░░]  57.0%  ETA 513s
[2026-08-04 18:10:59] [train] step=115 epoch=0 loss=0.007725  [█████████████████░░░░░░░░░░░░░]  57.5%  ETA 506s
[2026-08-04 18:11:04] [train] step=116 epoch=0 loss=0.007286  [█████████████████░░░░░░░░░░░░░]  58.0%  ETA 500s
[2026-08-04 18:11:10] [train] step=117 epoch=0 loss=0.008001  [█████████████████░░░░░░░░░░░░░]  58.5%  ETA 494s
[2026-08-04 18:11:15] [train] step=118 epoch=0 loss=0.007698  [█████████████████░░░░░░░░░░░░░]  59.0%  ETA 488s
[2026-08-04 18:11:21] [train] step=119 epoch=0 loss=0.007624  [█████████████████░░░░░░░░░░░░░]  59.5%  ETA 482s
[2026-08-04 18:11:27] [train] step=120 epoch=0 loss=0.007941  [██████████████████░░░░░░░░░░░░]  60.0%  ETA 475s
[2026-08-04 18:11:27] [eval] starting eval @ step=120  [██████████████████░░░░░░░░░░░░]  60.0%  ETA 475s
[2026-08-04 18:11:32] [eval] step=120 eval_loss=0.004179  (history: [0.013243354558944702, 0.00841745913028717, 0.006443929076194763, 0.0054599779844284055, 0.0051131385564804075, 0.004399745464324951, 0.0041793200373649595])
[2026-08-04 18:11:38] [train] step=121 epoch=0 loss=0.007353  [██████████████████░░░░░░░░░░░░]  60.5%  ETA 473s
[2026-08-04 18:11:44] [train] step=122 epoch=0 loss=0.008565  [██████████████████░░░░░░░░░░░░]  61.0%  ETA 467s
[2026-08-04 18:11:50] [train] step=123 epoch=0 loss=0.007991  [██████████████████░░░░░░░░░░░░]  61.5%  ETA 461s
[2026-08-04 18:11:57] [train] step=124 epoch=0 loss=0.006220  [██████████████████░░░░░░░░░░░░]  62.0%  ETA 456s
[2026-08-04 18:12:03] [train] step=125 epoch=0 loss=0.008735  [██████████████████░░░░░░░░░░░░]  62.5%  ETA 450s
[2026-08-04 18:12:10] [train] step=126 epoch=0 loss=0.008023  [██████████████████░░░░░░░░░░░░]  63.0%  ETA 444s
[2026-08-04 18:12:16] [train] step=127 epoch=0 loss=0.008389  [███████████████████░░░░░░░░░░░]  63.5%  ETA 438s
[2026-08-04 18:12:21] [train] step=128 epoch=0 loss=0.007964  [███████████████████░░░░░░░░░░░]  64.0%  ETA 432s
[2026-08-04 18:12:28] [train] step=129 epoch=0 loss=0.006330  [███████████████████░░░░░░░░░░░]  64.5%  ETA 426s
[2026-08-04 18:12:35] [train] step=130 epoch=0 loss=0.007607  [███████████████████░░░░░░░░░░░]  65.0%  ETA 421s
[2026-08-04 18:12:42] [train] step=131 epoch=0 loss=0.007732  [███████████████████░░░░░░░░░░░]  65.5%  ETA 415s
[2026-08-04 18:12:49] [train] step=132 epoch=0 loss=0.008303  [███████████████████░░░░░░░░░░░]  66.0%  ETA 410s
[2026-08-04 18:12:55] [train] step=133 epoch=0 loss=0.006591  [███████████████████░░░░░░░░░░░]  66.5%  ETA 404s
[2026-08-04 18:13:02] [train] step=134 epoch=0 loss=0.006656  [████████████████████░░░░░░░░░░]  67.0%  ETA 398s
[2026-08-04 18:13:08] [train] step=135 epoch=0 loss=0.007269  [████████████████████░░░░░░░░░░]  67.5%  ETA 392s
[2026-08-04 18:13:13] [train] step=136 epoch=0 loss=0.006968  [████████████████████░░░░░░░░░░]  68.0%  ETA 386s
[2026-08-04 18:13:19] [train] step=137 epoch=0 loss=0.006996  [████████████████████░░░░░░░░░░]  68.5%  ETA 380s
[2026-08-04 18:13:24] [train] step=138 epoch=0 loss=0.006901  [████████████████████░░░░░░░░░░]  69.0%  ETA 373s
[2026-08-04 18:13:30] [train] step=139 epoch=0 loss=0.007212  [████████████████████░░░░░░░░░░]  69.5%  ETA 367s
[2026-08-04 18:13:35] [train] step=140 epoch=0 loss=0.007412  [█████████████████████░░░░░░░░░]  70.0%  ETA 361s
[2026-08-04 18:13:35] [eval] starting eval @ step=140  [█████████████████████░░░░░░░░░]  70.0%  ETA 361s
[2026-08-04 18:13:41] [eval] step=140 eval_loss=0.003881  (history: [0.013243354558944702, 0.00841745913028717, 0.006443929076194763, 0.0054599779844284055, 0.0051131385564804075, 0.004399745464324951, 0.0041793200373649595, 0.003881482481956482])
[2026-08-04 18:13:47] [train] step=141 epoch=0 loss=0.007754  [█████████████████████░░░░░░░░░]  70.5%  ETA 357s
[2026-08-04 18:13:52] [train] step=142 epoch=0 loss=0.006963  [█████████████████████░░░░░░░░░]  71.0%  ETA 351s
[2026-08-04 18:13:58] [train] step=143 epoch=0 loss=0.007892  [█████████████████████░░░░░░░░░]  71.5%  ETA 344s
[2026-08-04 18:14:03] [train] step=144 epoch=0 loss=0.007003  [█████████████████████░░░░░░░░░]  72.0%  ETA 338s
[2026-08-04 18:14:09] [train] step=145 epoch=0 loss=0.007593  [█████████████████████░░░░░░░░░]  72.5%  ETA 332s
[2026-08-04 18:14:15] [train] step=146 epoch=0 loss=0.006829  [█████████████████████░░░░░░░░░]  73.0%  ETA 326s
[2026-08-04 18:14:21] [train] step=147 epoch=0 loss=0.009777  [██████████████████████░░░░░░░░]  73.5%  ETA 320s
[2026-08-04 18:14:27] [train] step=148 epoch=0 loss=0.006660  [██████████████████████░░░░░░░░]  74.0%  ETA 314s
[2026-08-04 18:14:33] [train] step=149 epoch=0 loss=0.007834  [██████████████████████░░░░░░░░]  74.5%  ETA 308s
[2026-08-04 18:14:38] [train] step=150 epoch=0 loss=0.007356  [██████████████████████░░░░░░░░]  75.0%  ETA 302s
[2026-08-04 18:14:44] [train] step=151 epoch=0 loss=0.007544  [██████████████████████░░░░░░░░]  75.5%  ETA 295s
[2026-08-04 18:14:50] [train] step=152 epoch=0 loss=0.006232  [██████████████████████░░░░░░░░]  76.0%  ETA 289s
[2026-08-04 18:14:56] [train] step=153 epoch=0 loss=0.007402  [██████████████████████░░░░░░░░]  76.5%  ETA 283s
[2026-08-04 18:15:01] [train] step=154 epoch=0 loss=0.007634  [███████████████████████░░░░░░░]  77.0%  ETA 277s
[2026-08-04 18:15:07] [train] step=155 epoch=0 loss=0.008859  [███████████████████████░░░░░░░]  77.5%  ETA 271s
[2026-08-04 18:15:12] [train] step=156 epoch=0 loss=0.007486  [███████████████████████░░░░░░░]  78.0%  ETA 265s
[2026-08-04 18:15:18] [train] step=157 epoch=0 loss=0.008095  [███████████████████████░░░░░░░]  78.5%  ETA 259s
[2026-08-04 18:15:24] [train] step=158 epoch=0 loss=0.009018  [███████████████████████░░░░░░░]  79.0%  ETA 253s
[2026-08-04 18:15:29] [train] step=159 epoch=0 loss=0.006754  [███████████████████████░░░░░░░]  79.5%  ETA 246s
[2026-08-04 18:15:35] [train] step=160 epoch=0 loss=0.007570  [████████████████████████░░░░░░]  80.0%  ETA 240s
[2026-08-04 18:15:35] [eval] starting eval @ step=160  [████████████████████████░░░░░░]  80.0%  ETA 240s
[2026-08-04 18:15:40] [eval] step=160 eval_loss=0.003873  (history: [0.013243354558944702, 0.00841745913028717, 0.006443929076194763, 0.0054599779844284055, 0.0051131385564804075, 0.004399745464324951, 0.0041793200373649595, 0.003881482481956482, 0.0038725000619888304])
[2026-08-04 18:15:46] [train] step=161 epoch=0 loss=0.007746  [████████████████████████░░░░░░]  80.5%  ETA 236s
[2026-08-04 18:15:52] [train] step=162 epoch=0 loss=0.007306  [████████████████████████░░░░░░]  81.0%  ETA 229s
[2026-08-04 18:15:57] [train] step=163 epoch=0 loss=0.007004  [████████████████████████░░░░░░]  81.5%  ETA 223s
[2026-08-04 18:16:03] [train] step=164 epoch=0 loss=0.005989  [████████████████████████░░░░░░]  82.0%  ETA 217s
[2026-08-04 18:16:09] [train] step=165 epoch=0 loss=0.007497  [████████████████████████░░░░░░]  82.5%  ETA 211s
[2026-08-04 18:16:14] [train] step=166 epoch=0 loss=0.007590  [████████████████████████░░░░░░]  83.0%  ETA 205s
[2026-08-04 18:16:20] [train] step=167 epoch=0 loss=0.007761  [█████████████████████████░░░░░]  83.5%  ETA 199s
[2026-08-04 18:16:26] [train] step=168 epoch=0 loss=0.006673  [█████████████████████████░░░░░]  84.0%  ETA 193s
[2026-08-04 18:16:32] [train] step=169 epoch=0 loss=0.008186  [█████████████████████████░░░░░]  84.5%  ETA 187s
[2026-08-04 18:16:37] [train] step=170 epoch=0 loss=0.007692  [█████████████████████████░░░░░]  85.0%  ETA 181s
[2026-08-04 18:16:43] [train] step=171 epoch=0 loss=0.007080  [█████████████████████████░░░░░]  85.5%  ETA 175s
[2026-08-04 18:16:49] [train] step=172 epoch=0 loss=0.007363  [█████████████████████████░░░░░]  86.0%  ETA 169s
[2026-08-04 18:16:55] [train] step=173 epoch=0 loss=0.008980  [█████████████████████████░░░░░]  86.5%  ETA 163s
[2026-08-04 18:17:01] [train] step=174 epoch=0 loss=0.007272  [██████████████████████████░░░░]  87.0%  ETA 156s
[2026-08-04 18:17:06] [train] step=175 epoch=0 loss=0.007886  [██████████████████████████░░░░]  87.5%  ETA 150s
[2026-08-04 18:17:12] [train] step=176 epoch=0 loss=0.007336  [██████████████████████████░░░░]  88.0%  ETA 144s
[2026-08-04 18:17:18] [train] step=177 epoch=0 loss=0.007059  [██████████████████████████░░░░]  88.5%  ETA 138s
[2026-08-04 18:17:24] [train] step=178 epoch=0 loss=0.006393  [██████████████████████████░░░░]  89.0%  ETA 132s
[2026-08-04 18:17:29] [train] step=179 epoch=0 loss=0.006786  [██████████████████████████░░░░]  89.5%  ETA 126s
[2026-08-04 18:17:35] [train] step=180 epoch=0 loss=0.006241  [███████████████████████████░░░]  90.0%  ETA 120s
[2026-08-04 18:17:35] [eval] starting eval @ step=180  [███████████████████████████░░░]  90.0%  ETA 120s
[2026-08-04 18:17:41] [eval] step=180 eval_loss=0.003581  (history: [0.013243354558944702, 0.00841745913028717, 0.006443929076194763, 0.0054599779844284055, 0.0051131385564804075, 0.004399745464324951, 0.0041793200373649595, 0.003881482481956482, 0.0038725000619888304, 0.003580876886844635])
[2026-08-04 18:17:46] [train] step=181 epoch=0 loss=0.006980  [███████████████████████████░░░]  90.5%  ETA 115s
[2026-08-04 18:17:52] [train] step=182 epoch=0 loss=0.007589  [███████████████████████████░░░]  91.0%  ETA 109s
[2026-08-04 18:17:58] [train] step=183 epoch=0 loss=0.007869  [███████████████████████████░░░]  91.5%  ETA 103s
[2026-08-04 18:18:04] [train] step=184 epoch=0 loss=0.007834  [███████████████████████████░░░]  92.0%  ETA 97s
[2026-08-04 18:18:09] [train] step=185 epoch=0 loss=0.006847  [███████████████████████████░░░]  92.5%  ETA 90s
[2026-08-04 18:18:15] [train] step=186 epoch=0 loss=0.007520  [███████████████████████████░░░]  93.0%  ETA 84s
[2026-08-04 18:18:21] [train] step=187 epoch=0 loss=0.006512  [████████████████████████████░░]  93.5%  ETA 78s
[2026-08-04 18:18:27] [train] step=188 epoch=0 loss=0.006387  [████████████████████████████░░]  94.0%  ETA 72s
[2026-08-04 18:18:32] [train] step=189 epoch=0 loss=0.006384  [████████████████████████████░░]  94.5%  ETA 66s
[2026-08-04 18:18:38] [train] step=190 epoch=0 loss=0.007465  [████████████████████████████░░]  95.0%  ETA 60s
[2026-08-04 18:18:43] [train] step=191 epoch=0 loss=0.008338  [████████████████████████████░░]  95.5%  ETA 54s
[2026-08-04 18:18:48] [train] step=192 epoch=0 loss=0.007423  [████████████████████████████░░]  96.0%  ETA 48s
[2026-08-04 18:18:54] [train] step=193 epoch=0 loss=0.007594  [████████████████████████████░░]  96.5%  ETA 42s
[2026-08-04 18:18:59] [train] step=194 epoch=0 loss=0.006909  [█████████████████████████████░]  97.0%  ETA 36s
[2026-08-04 18:19:05] [train] step=195 epoch=0 loss=0.006225  [█████████████████████████████░]  97.5%  ETA 30s
[2026-08-04 18:19:11] [train] step=196 epoch=0 loss=0.006001  [█████████████████████████████░]  98.0%  ETA 24s
[2026-08-04 18:19:16] [train] step=197 epoch=0 loss=0.007531  [█████████████████████████████░]  98.5%  ETA 18s
[2026-08-04 18:19:22] [train] step=198 epoch=0 loss=0.007181  [█████████████████████████████░]  99.0%  ETA 12s
[2026-08-04 18:19:28] [train] step=199 epoch=0 loss=0.005897  [█████████████████████████████░]  99.5%  ETA 6s
[2026-08-04 18:19:34] [train] step=200 epoch=0 loss=0.008767  [██████████████████████████████] 100.0%  ETA 0s
[2026-08-04 18:19:34] [train] reached max_update_steps=200, stopping (total wall time 1200s)
