[2026-08-05 13:03:48] === starting DEFORM training: DLO_type=d003_v070 train_time_horizon=20 eval_time_horizon=100 max_update_steps=200 ===
[2026-08-05 13:03:48] GPU: NVIDIA GeForce RTX 2060 (cuda:0)
[2026-08-05 13:03:48] logging to logs/train_d003_v070.log
[2026-08-05 13:03:48] [data] precomputing mu_0 (bishop frames) for 56 train episodes, 353018 frames total, on CPU x11 workers
[2026-08-05 13:03:52] [data] [░░░░░░░░░░░░░░░░░░░░░░░░░░░░░░]   1.0% frames 3489/353018 eps 1/56  1071 frames/s  ETA 326s
[2026-08-05 13:03:53] [data] [░░░░░░░░░░░░░░░░░░░░░░░░░░░░░░]   2.3% frames 8129/353018 eps 2/56  1843 frames/s  ETA 187s
[2026-08-05 13:03:53] [data] [█░░░░░░░░░░░░░░░░░░░░░░░░░░░░░]   3.8% frames 13283/353018 eps 3/56  2758 frames/s  ETA 123s
[2026-08-05 13:03:54] [data] [█░░░░░░░░░░░░░░░░░░░░░░░░░░░░░]   5.5% frames 19273/353018 eps 4/56  3473 frames/s  ETA 96s
[2026-08-05 13:03:54] [data] [██░░░░░░░░░░░░░░░░░░░░░░░░░░░░]   7.1% frames 25237/353018 eps 5/56  4379 frames/s  ETA 75s
[2026-08-05 13:03:54] [data] [██░░░░░░░░░░░░░░░░░░░░░░░░░░░░]   8.9% frames 31252/353018 eps 6/56  5292 frames/s  ETA 61s
[2026-08-05 13:03:55] [data] [███░░░░░░░░░░░░░░░░░░░░░░░░░░░]  10.8% frames 38028/353018 eps 7/56  6126 frames/s  ETA 51s
[2026-08-05 13:03:55] [data] [███░░░░░░░░░░░░░░░░░░░░░░░░░░░]  12.7% frames 44810/353018 eps 8/56  6506 frames/s  ETA 47s
[2026-08-05 13:03:56] [data] [████░░░░░░░░░░░░░░░░░░░░░░░░░░]  15.0% frames 52990/353018 eps 9/56  6800 frames/s  ETA 44s
[2026-08-05 13:03:56] [data] [█████░░░░░░░░░░░░░░░░░░░░░░░░░]  17.3% frames 61130/353018 eps 10/56  7807 frames/s  ETA 37s
[2026-08-05 13:03:56] [data] [█████░░░░░░░░░░░░░░░░░░░░░░░░░]  19.6% frames 69137/353018 eps 11/56  8827 frames/s  ETA 32s
[2026-08-05 13:03:59] [data] [██████░░░░░░░░░░░░░░░░░░░░░░░░]  21.2% frames 74781/353018 eps 12/56  7303 frames/s  ETA 38s
[2026-08-05 13:03:59] [data] [██████░░░░░░░░░░░░░░░░░░░░░░░░]  22.3% frames 78615/353018 eps 13/56  7593 frames/s  ETA 36s
[2026-08-05 13:03:59] [data] [███████░░░░░░░░░░░░░░░░░░░░░░░]  23.7% frames 83602/353018 eps 14/56  8021 frames/s  ETA 34s
[2026-08-05 13:03:59] [data] [███████░░░░░░░░░░░░░░░░░░░░░░░]  26.0% frames 91742/353018 eps 15/56  8297 frames/s  ETA 31s
[2026-08-05 13:04:00] [data] [████████░░░░░░░░░░░░░░░░░░░░░░]  27.7% frames 97950/353018 eps 16/56  8617 frames/s  ETA 30s
[2026-08-05 13:04:00] [data] [████████░░░░░░░░░░░░░░░░░░░░░░]  29.0% frames 102345/353018 eps 17/56  8848 frames/s  ETA 28s
[2026-08-05 13:04:00] [data] [█████████░░░░░░░░░░░░░░░░░░░░░]  30.9% frames 109121/353018 eps 18/56  9130 frames/s  ETA 27s
[2026-08-05 13:04:00] [data] [█████████░░░░░░░░░░░░░░░░░░░░░]  32.8% frames 115649/353018 eps 19/56  9576 frames/s  ETA 25s
[2026-08-05 13:04:01] [data] [██████████░░░░░░░░░░░░░░░░░░░░]  35.0% frames 123656/353018 eps 20/56  9710 frames/s  ETA 24s
[2026-08-05 13:04:01] [data] [███████████░░░░░░░░░░░░░░░░░░░]  36.8% frames 129839/353018 eps 21/56  9920 frames/s  ETA 22s
[2026-08-05 13:04:02] [data] [███████████░░░░░░░░░░░░░░░░░░░]  38.5% frames 135978/353018 eps 22/56  10084 frames/s  ETA 22s
[2026-08-05 13:04:04] [data] [███████████░░░░░░░░░░░░░░░░░░░]  40.0% frames 141132/353018 eps 23/56  9230 frames/s  ETA 23s
[2026-08-05 13:04:04] [data] [████████████░░░░░░░░░░░░░░░░░░]  41.7% frames 147315/353018 eps 24/56  9331 frames/s  ETA 22s
[2026-08-05 13:04:05] [data] [█████████████░░░░░░░░░░░░░░░░░]  43.5% frames 153427/353018 eps 25/56  9419 frames/s  ETA 21s
[2026-08-05 13:04:06] [data] [█████████████░░░░░░░░░░░░░░░░░]  45.2% frames 159655/353018 eps 26/56  8975 frames/s  ETA 22s
[2026-08-05 13:04:06] [data] [██████████████░░░░░░░░░░░░░░░░]  46.7% frames 164809/353018 eps 27/56  9236 frames/s  ETA 20s
[2026-08-05 13:04:06] [data] [██████████████░░░░░░░░░░░░░░░░]  48.4% frames 170823/353018 eps 28/56  9562 frames/s  ETA 19s
[2026-08-05 13:04:06] [data] [███████████████░░░░░░░░░░░░░░░]  50.3% frames 177544/353018 eps 29/56  9918 frames/s  ETA 18s
[2026-08-05 13:04:07] [data] [███████████████░░░░░░░░░░░░░░░]  52.2% frames 184320/353018 eps 30/56  9891 frames/s  ETA 17s
[2026-08-05 13:04:08] [data] [████████████████░░░░░░░░░░░░░░]  54.5% frames 192500/353018 eps 31/56  9773 frames/s  ETA 16s
[2026-08-05 13:04:09] [data] [████████████████░░░░░░░░░░░░░░]  56.7% frames 199991/353018 eps 32/56  9751 frames/s  ETA 16s
[2026-08-05 13:04:09] [data] [█████████████████░░░░░░░░░░░░░]  58.6% frames 206773/353018 eps 33/56  9987 frames/s  ETA 15s
[2026-08-05 13:04:09] [data] [█████████████████░░░░░░░░░░░░░]  59.9% frames 211525/353018 eps 34/56  10198 frames/s  ETA 14s
[2026-08-05 13:04:12] [data] [██████████████████░░░░░░░░░░░░]  61.2% frames 216164/353018 eps 35/56  9319 frames/s  ETA 15s
[2026-08-05 13:04:12] [data] [██████████████████░░░░░░░░░░░░]  62.7% frames 221253/353018 eps 36/56  9497 frames/s  ETA 14s
[2026-08-05 13:04:12] [data] [███████████████████░░░░░░░░░░░]  64.6% frames 227991/353018 eps 37/56  9714 frames/s  ETA 13s
[2026-08-05 13:04:12] [data] [███████████████████░░░░░░░░░░░]  66.2% frames 233570/353018 eps 38/56  9904 frames/s  ETA 12s
[2026-08-05 13:04:13] [data] [████████████████████░░░░░░░░░░]  68.8% frames 242801/353018 eps 39/56  9745 frames/s  ETA 11s
[2026-08-05 13:04:14] [data] [█████████████████████░░░░░░░░░]  70.7% frames 249539/353018 eps 40/56  9728 frames/s  ETA 11s
[2026-08-05 13:04:14] [data] [█████████████████████░░░░░░░░░]  72.3% frames 255298/353018 eps 41/56  9949 frames/s  ETA 10s
[2026-08-05 13:04:15] [data] [██████████████████████░░░░░░░░]  74.6% frames 263442/353018 eps 42/56  9776 frames/s  ETA 9s
[2026-08-05 13:04:16] [data] [██████████████████████░░░░░░░░]  75.6% frames 266985/353018 eps 43/56  9801 frames/s  ETA 9s
[2026-08-05 13:04:16] [data] [███████████████████████░░░░░░░]  77.4% frames 273193/353018 eps 44/56  9993 frames/s  ETA 8s
[2026-08-05 13:04:17] [data] [███████████████████████░░░░░░░]  79.5% frames 280684/353018 eps 45/56  9934 frames/s  ETA 7s
[2026-08-05 13:04:17] [data] [████████████████████████░░░░░░]  81.0% frames 285972/353018 eps 46/56  9814 frames/s  ETA 7s
[2026-08-05 13:04:18] [data] [█████████████████████████░░░░░]  83.4% frames 294511/353018 eps 47/56  9887 frames/s  ETA 6s
[2026-08-05 13:04:19] [data] [█████████████████████████░░░░░]  85.3% frames 300971/353018 eps 48/56  9889 frames/s  ETA 5s
[2026-08-05 13:04:19] [data] [██████████████████████████░░░░]  86.7% frames 306240/353018 eps 49/56  9855 frames/s  ETA 5s
[2026-08-05 13:04:20] [data] [██████████████████████████░░░░]  88.9% frames 313731/353018 eps 50/56  10060 frames/s  ETA 4s
[2026-08-05 13:04:20] [data] [███████████████████████████░░░]  90.6% frames 319745/353018 eps 51/56  10214 frames/s  ETA 3s
[2026-08-05 13:04:20] [data] [███████████████████████████░░░]  91.8% frames 324140/353018 eps 52/56  10271 frames/s  ETA 3s
[2026-08-05 13:04:20] [data] [████████████████████████████░░]  93.6% frames 330452/353018 eps 53/56  10309 frames/s  ETA 2s
[2026-08-05 13:04:21] [data] [████████████████████████████░░]  95.1% frames 335647/353018 eps 54/56  10403 frames/s  ETA 2s
[2026-08-05 13:04:22] [data] [█████████████████████████████░]  97.7% frames 344878/353018 eps 55/56  10340 frames/s  ETA 1s
[2026-08-05 13:04:22] [data] [██████████████████████████████] 100.0% frames 353018/353018 eps 56/56  10477 frames/s  ETA 0s
[2026-08-05 13:04:22] [data] mu_0 precompute done in 33.7s
[2026-08-05 13:04:22] [data] loading 14 eval episodes
[2026-08-05 13:04:24] [resume] found existing checkpoint save_model/d003_v070_200.pth (step=200)
[2026-08-05 13:04:24] [resume] no interactive stdin available -- defaulting to start-over (pass --on_existing_checkpoint=resume to resume non-interactively)
[2026-08-05 13:04:24] [resume] starting fresh -- ignoring existing checkpoint (this will overwrite save_model/loss_record files at matching step numbers as training proceeds)
[2026-08-05 13:04:24] [eval] starting eval @ step=0  [░░░░░░░░░░░░░░░░░░░░░░░░░░░░░░]   0.0%  ETA nans
[2026-08-05 13:04:30] [eval] step=0 eval_loss=0.013197  (history: [0.01319683313369751])
[2026-08-05 13:04:36] [train] step=1 epoch=0 loss=0.010519  [░░░░░░░░░░░░░░░░░░░░░░░░░░░░░░]   0.5%  ETA 2470s
[2026-08-05 13:04:42] [train] step=2 epoch=0 loss=0.009715  [░░░░░░░░░░░░░░░░░░░░░░░░░░░░░░]   1.0%  ETA 1801s
[2026-08-05 13:04:48] [train] step=3 epoch=0 loss=0.010190  [░░░░░░░░░░░░░░░░░░░░░░░░░░░░░░]   1.5%  ETA 1607s
[2026-08-05 13:04:54] [train] step=4 epoch=0 loss=0.009805  [░░░░░░░░░░░░░░░░░░░░░░░░░░░░░░]   2.0%  ETA 1472s
[2026-08-05 13:04:59] [train] step=5 epoch=0 loss=0.009939  [░░░░░░░░░░░░░░░░░░░░░░░░░░░░░░]   2.5%  ETA 1391s
[2026-08-05 13:05:05] [train] step=6 epoch=0 loss=0.009412  [░░░░░░░░░░░░░░░░░░░░░░░░░░░░░░]   3.0%  ETA 1331s
[2026-08-05 13:05:11] [train] step=7 epoch=0 loss=0.009455  [█░░░░░░░░░░░░░░░░░░░░░░░░░░░░░]   3.5%  ETA 1293s
[2026-08-05 13:05:16] [train] step=8 epoch=0 loss=0.008369  [█░░░░░░░░░░░░░░░░░░░░░░░░░░░░░]   4.0%  ETA 1255s
[2026-08-05 13:05:22] [train] step=9 epoch=0 loss=0.008764  [█░░░░░░░░░░░░░░░░░░░░░░░░░░░░░]   4.5%  ETA 1235s
[2026-08-05 13:05:28] [train] step=10 epoch=0 loss=0.008929  [█░░░░░░░░░░░░░░░░░░░░░░░░░░░░░]   5.0%  ETA 1213s
[2026-08-05 13:05:33] [train] step=11 epoch=0 loss=0.008838  [█░░░░░░░░░░░░░░░░░░░░░░░░░░░░░]   5.5%  ETA 1200s
[2026-08-05 13:05:39] [train] step=12 epoch=0 loss=0.009486  [█░░░░░░░░░░░░░░░░░░░░░░░░░░░░░]   6.0%  ETA 1183s
[2026-08-05 13:05:45] [train] step=13 epoch=0 loss=0.007970  [█░░░░░░░░░░░░░░░░░░░░░░░░░░░░░]   6.5%  ETA 1171s
[2026-08-05 13:05:51] [train] step=14 epoch=0 loss=0.008720  [██░░░░░░░░░░░░░░░░░░░░░░░░░░░░]   7.0%  ETA 1157s
[2026-08-05 13:05:56] [train] step=15 epoch=0 loss=0.008695  [██░░░░░░░░░░░░░░░░░░░░░░░░░░░░]   7.5%  ETA 1143s
[2026-08-05 13:06:02] [train] step=16 epoch=0 loss=0.008841  [██░░░░░░░░░░░░░░░░░░░░░░░░░░░░]   8.0%  ETA 1134s
[2026-08-05 13:06:08] [train] step=17 epoch=0 loss=0.007801  [██░░░░░░░░░░░░░░░░░░░░░░░░░░░░]   8.5%  ETA 1123s
[2026-08-05 13:06:14] [train] step=18 epoch=0 loss=0.008300  [██░░░░░░░░░░░░░░░░░░░░░░░░░░░░]   9.0%  ETA 1113s
[2026-08-05 13:06:19] [train] step=19 epoch=0 loss=0.007930  [██░░░░░░░░░░░░░░░░░░░░░░░░░░░░]   9.5%  ETA 1103s
[2026-08-05 13:06:25] [train] step=20 epoch=0 loss=0.008336  [███░░░░░░░░░░░░░░░░░░░░░░░░░░░]  10.0%  ETA 1096s
[2026-08-05 13:06:25] [eval] starting eval @ step=20  [███░░░░░░░░░░░░░░░░░░░░░░░░░░░]  10.0%  ETA 1096s
[2026-08-05 13:06:31] [eval] step=20 eval_loss=0.007299  (history: [0.01319683313369751, 0.0072987467050552365])
[2026-08-05 13:06:37] [train] step=21 epoch=0 loss=0.008407  [███░░░░░░░░░░░░░░░░░░░░░░░░░░░]  10.5%  ETA 1135s
[2026-08-05 13:06:43] [train] step=22 epoch=0 loss=0.007893  [███░░░░░░░░░░░░░░░░░░░░░░░░░░░]  11.0%  ETA 1126s
[2026-08-05 13:06:49] [train] step=23 epoch=0 loss=0.007342  [███░░░░░░░░░░░░░░░░░░░░░░░░░░░]  11.5%  ETA 1116s
[2026-08-05 13:06:54] [train] step=24 epoch=0 loss=0.006802  [███░░░░░░░░░░░░░░░░░░░░░░░░░░░]  12.0%  ETA 1106s
[2026-08-05 13:07:01] [train] step=25 epoch=0 loss=0.008617  [███░░░░░░░░░░░░░░░░░░░░░░░░░░░]  12.5%  ETA 1098s
[2026-08-05 13:07:06] [train] step=26 epoch=0 loss=0.007534  [███░░░░░░░░░░░░░░░░░░░░░░░░░░░]  13.0%  ETA 1089s
[2026-08-05 13:07:12] [train] step=27 epoch=0 loss=0.007210  [████░░░░░░░░░░░░░░░░░░░░░░░░░░]  13.5%  ETA 1079s
[2026-08-05 13:07:18] [train] step=28 epoch=0 loss=0.007886  [████░░░░░░░░░░░░░░░░░░░░░░░░░░]  14.0%  ETA 1073s
[2026-08-05 13:07:24] [train] step=29 epoch=0 loss=0.007875  [████░░░░░░░░░░░░░░░░░░░░░░░░░░]  14.5%  ETA 1064s
[2026-08-05 13:07:30] [train] step=30 epoch=0 loss=0.007590  [████░░░░░░░░░░░░░░░░░░░░░░░░░░]  15.0%  ETA 1056s
[2026-08-05 13:07:36] [train] step=31 epoch=0 loss=0.007589  [████░░░░░░░░░░░░░░░░░░░░░░░░░░]  15.5%  ETA 1047s
[2026-08-05 13:07:41] [train] step=32 epoch=0 loss=0.008097  [████░░░░░░░░░░░░░░░░░░░░░░░░░░]  16.0%  ETA 1038s
[2026-08-05 13:07:47] [train] step=33 epoch=0 loss=0.007831  [████░░░░░░░░░░░░░░░░░░░░░░░░░░]  16.5%  ETA 1029s
[2026-08-05 13:07:53] [train] step=34 epoch=0 loss=0.007359  [█████░░░░░░░░░░░░░░░░░░░░░░░░░]  17.0%  ETA 1022s
[2026-08-05 13:07:59] [train] step=35 epoch=0 loss=0.008029  [█████░░░░░░░░░░░░░░░░░░░░░░░░░]  17.5%  ETA 1014s
[2026-08-05 13:08:05] [train] step=36 epoch=0 loss=0.006746  [█████░░░░░░░░░░░░░░░░░░░░░░░░░]  18.0%  ETA 1006s
[2026-08-05 13:08:10] [train] step=37 epoch=0 loss=0.007788  [█████░░░░░░░░░░░░░░░░░░░░░░░░░]  18.5%  ETA 996s
[2026-08-05 13:08:16] [train] step=38 epoch=0 loss=0.007456  [█████░░░░░░░░░░░░░░░░░░░░░░░░░]  19.0%  ETA 989s
[2026-08-05 13:08:21] [train] step=39 epoch=0 loss=0.007490  [█████░░░░░░░░░░░░░░░░░░░░░░░░░]  19.5%  ETA 980s
[2026-08-05 13:08:26] [train] step=40 epoch=0 loss=0.007444  [██████░░░░░░░░░░░░░░░░░░░░░░░░]  20.0%  ETA 971s
[2026-08-05 13:08:26] [eval] starting eval @ step=40  [██████░░░░░░░░░░░░░░░░░░░░░░░░]  20.0%  ETA 971s
[2026-08-05 13:08:31] [eval] step=40 eval_loss=0.005900  (history: [0.01319683313369751, 0.0072987467050552365, 0.0058995306491851805])
[2026-08-05 13:08:37] [train] step=41 epoch=0 loss=0.007081  [██████░░░░░░░░░░░░░░░░░░░░░░░░]  20.5%  ETA 983s
[2026-08-05 13:08:43] [train] step=42 epoch=0 loss=0.007169  [██████░░░░░░░░░░░░░░░░░░░░░░░░]  21.0%  ETA 975s
[2026-08-05 13:08:49] [train] step=43 epoch=0 loss=0.007042  [██████░░░░░░░░░░░░░░░░░░░░░░░░]  21.5%  ETA 968s
[2026-08-05 13:08:55] [train] step=44 epoch=0 loss=0.007525  [██████░░░░░░░░░░░░░░░░░░░░░░░░]  22.0%  ETA 962s
[2026-08-05 13:09:01] [train] step=45 epoch=0 loss=0.008143  [██████░░░░░░░░░░░░░░░░░░░░░░░░]  22.5%  ETA 954s
[2026-08-05 13:09:07] [train] step=46 epoch=0 loss=0.006317  [██████░░░░░░░░░░░░░░░░░░░░░░░░]  23.0%  ETA 949s
[2026-08-05 13:09:13] [train] step=47 epoch=0 loss=0.006923  [███████░░░░░░░░░░░░░░░░░░░░░░░]  23.5%  ETA 943s
[2026-08-05 13:09:20] [train] step=48 epoch=0 loss=0.007832  [███████░░░░░░░░░░░░░░░░░░░░░░░]  24.0%  ETA 937s
[2026-08-05 13:09:26] [train] step=49 epoch=0 loss=0.007963  [███████░░░░░░░░░░░░░░░░░░░░░░░]  24.5%  ETA 931s
[2026-08-05 13:09:32] [train] step=50 epoch=0 loss=0.007070  [███████░░░░░░░░░░░░░░░░░░░░░░░]  25.0%  ETA 924s
[2026-08-05 13:09:38] [train] step=51 epoch=0 loss=0.008017  [███████░░░░░░░░░░░░░░░░░░░░░░░]  25.5%  ETA 918s
[2026-08-05 13:09:44] [train] step=52 epoch=0 loss=0.006839  [███████░░░░░░░░░░░░░░░░░░░░░░░]  26.0%  ETA 912s
[2026-08-05 13:09:50] [train] step=53 epoch=0 loss=0.008166  [███████░░░░░░░░░░░░░░░░░░░░░░░]  26.5%  ETA 906s
[2026-08-05 13:09:56] [train] step=54 epoch=0 loss=0.006977  [████████░░░░░░░░░░░░░░░░░░░░░░]  27.0%  ETA 900s
[2026-08-05 13:10:02] [train] step=55 epoch=0 loss=0.007146  [████████░░░░░░░░░░░░░░░░░░░░░░]  27.5%  ETA 893s
[2026-08-05 13:10:08] [train] step=56 epoch=0 loss=0.006286  [████████░░░░░░░░░░░░░░░░░░░░░░]  28.0%  ETA 887s
[2026-08-05 13:10:14] [train] step=57 epoch=0 loss=0.007251  [████████░░░░░░░░░░░░░░░░░░░░░░]  28.5%  ETA 880s
[2026-08-05 13:10:21] [train] step=58 epoch=0 loss=0.006857  [████████░░░░░░░░░░░░░░░░░░░░░░]  29.0%  ETA 874s
[2026-08-05 13:10:26] [train] step=59 epoch=0 loss=0.006917  [████████░░░░░░░░░░░░░░░░░░░░░░]  29.5%  ETA 867s
[2026-08-05 13:10:33] [train] step=60 epoch=0 loss=0.007514  [█████████░░░░░░░░░░░░░░░░░░░░░]  30.0%  ETA 861s
[2026-08-05 13:10:33] [eval] starting eval @ step=60  [█████████░░░░░░░░░░░░░░░░░░░░░]  30.0%  ETA 861s
[2026-08-05 13:10:38] [eval] step=60 eval_loss=0.005443  (history: [0.01319683313369751, 0.0072987467050552365, 0.0058995306491851805, 0.00544280469417572])
[2026-08-05 13:10:44] [train] step=61 epoch=0 loss=0.007376  [█████████░░░░░░░░░░░░░░░░░░░░░]  30.5%  ETA 866s
[2026-08-05 13:10:50] [train] step=62 epoch=0 loss=0.007605  [█████████░░░░░░░░░░░░░░░░░░░░░]  31.0%  ETA 860s
[2026-08-05 13:10:56] [train] step=63 epoch=0 loss=0.006937  [█████████░░░░░░░░░░░░░░░░░░░░░]  31.5%  ETA 853s
[2026-08-05 13:11:02] [train] step=64 epoch=0 loss=0.006179  [█████████░░░░░░░░░░░░░░░░░░░░░]  32.0%  ETA 846s
[2026-08-05 13:11:08] [train] step=65 epoch=0 loss=0.007515  [█████████░░░░░░░░░░░░░░░░░░░░░]  32.5%  ETA 839s
[2026-08-05 13:11:13] [train] step=66 epoch=0 loss=0.006915  [█████████░░░░░░░░░░░░░░░░░░░░░]  33.0%  ETA 832s
[2026-08-05 13:11:19] [train] step=67 epoch=0 loss=0.006925  [██████████░░░░░░░░░░░░░░░░░░░░]  33.5%  ETA 825s
[2026-08-05 13:11:25] [train] step=68 epoch=0 loss=0.005724  [██████████░░░░░░░░░░░░░░░░░░░░]  34.0%  ETA 819s
[2026-08-05 13:11:31] [train] step=69 epoch=0 loss=0.006866  [██████████░░░░░░░░░░░░░░░░░░░░]  34.5%  ETA 812s
[2026-08-05 13:11:37] [train] step=70 epoch=0 loss=0.006149  [██████████░░░░░░░░░░░░░░░░░░░░]  35.0%  ETA 805s
[2026-08-05 13:11:43] [train] step=71 epoch=0 loss=0.007215  [██████████░░░░░░░░░░░░░░░░░░░░]  35.5%  ETA 798s
[2026-08-05 13:11:49] [train] step=72 epoch=0 loss=0.006377  [██████████░░░░░░░░░░░░░░░░░░░░]  36.0%  ETA 791s
[2026-08-05 13:11:55] [train] step=73 epoch=0 loss=0.007309  [██████████░░░░░░░░░░░░░░░░░░░░]  36.5%  ETA 784s
[2026-08-05 13:12:01] [train] step=74 epoch=0 loss=0.006491  [███████████░░░░░░░░░░░░░░░░░░░]  37.0%  ETA 778s
[2026-08-05 13:12:06] [train] step=75 epoch=0 loss=0.006707  [███████████░░░░░░░░░░░░░░░░░░░]  37.5%  ETA 771s
[2026-08-05 13:12:12] [train] step=76 epoch=0 loss=0.006730  [███████████░░░░░░░░░░░░░░░░░░░]  38.0%  ETA 765s
[2026-08-05 13:12:18] [train] step=77 epoch=0 loss=0.006313  [███████████░░░░░░░░░░░░░░░░░░░]  38.5%  ETA 758s
[2026-08-05 13:12:24] [train] step=78 epoch=0 loss=0.006955  [███████████░░░░░░░░░░░░░░░░░░░]  39.0%  ETA 751s
[2026-08-05 13:12:29] [train] step=79 epoch=0 loss=0.007653  [███████████░░░░░░░░░░░░░░░░░░░]  39.5%  ETA 744s
[2026-08-05 13:12:35] [train] step=80 epoch=0 loss=0.006756  [████████████░░░░░░░░░░░░░░░░░░]  40.0%  ETA 737s
[2026-08-05 13:12:35] [eval] starting eval @ step=80  [████████████░░░░░░░░░░░░░░░░░░]  40.0%  ETA 737s
[2026-08-05 13:12:40] [eval] step=80 eval_loss=0.005057  (history: [0.01319683313369751, 0.0072987467050552365, 0.0058995306491851805, 0.00544280469417572, 0.005057036280632019])
[2026-08-05 13:12:46] [train] step=81 epoch=0 loss=0.006170  [████████████░░░░░░░░░░░░░░░░░░]  40.5%  ETA 738s
[2026-08-05 13:12:51] [train] step=82 epoch=0 loss=0.007300  [████████████░░░░░░░░░░░░░░░░░░]  41.0%  ETA 731s
[2026-08-05 13:12:57] [train] step=83 epoch=0 loss=0.006941  [████████████░░░░░░░░░░░░░░░░░░]  41.5%  ETA 724s
[2026-08-05 13:13:03] [train] step=84 epoch=0 loss=0.006494  [████████████░░░░░░░░░░░░░░░░░░]  42.0%  ETA 717s
[2026-08-05 13:13:08] [train] step=85 epoch=0 loss=0.006718  [████████████░░░░░░░░░░░░░░░░░░]  42.5%  ETA 710s
[2026-08-05 13:13:14] [train] step=86 epoch=0 loss=0.006838  [████████████░░░░░░░░░░░░░░░░░░]  43.0%  ETA 703s
[2026-08-05 13:13:19] [train] step=87 epoch=0 loss=0.006484  [█████████████░░░░░░░░░░░░░░░░░]  43.5%  ETA 696s
[2026-08-05 13:13:25] [train] step=88 epoch=0 loss=0.006780  [█████████████░░░░░░░░░░░░░░░░░]  44.0%  ETA 689s
[2026-08-05 13:13:30] [train] step=89 epoch=0 loss=0.006072  [█████████████░░░░░░░░░░░░░░░░░]  44.5%  ETA 682s
[2026-08-05 13:13:36] [train] step=90 epoch=0 loss=0.007147  [█████████████░░░░░░░░░░░░░░░░░]  45.0%  ETA 675s
[2026-08-05 13:13:42] [train] step=91 epoch=0 loss=0.006597  [█████████████░░░░░░░░░░░░░░░░░]  45.5%  ETA 668s
[2026-08-05 13:13:48] [train] step=92 epoch=0 loss=0.006707  [█████████████░░░░░░░░░░░░░░░░░]  46.0%  ETA 662s
[2026-08-05 13:13:53] [train] step=93 epoch=0 loss=0.006508  [█████████████░░░░░░░░░░░░░░░░░]  46.5%  ETA 655s
[2026-08-05 13:13:58] [train] step=94 epoch=0 loss=0.006654  [██████████████░░░░░░░░░░░░░░░░]  47.0%  ETA 648s
[2026-08-05 13:14:04] [train] step=95 epoch=0 loss=0.006831  [██████████████░░░░░░░░░░░░░░░░]  47.5%  ETA 642s
[2026-08-05 13:14:10] [train] step=96 epoch=0 loss=0.006101  [██████████████░░░░░░░░░░░░░░░░]  48.0%  ETA 635s
[2026-08-05 13:14:15] [train] step=97 epoch=0 loss=0.006742  [██████████████░░░░░░░░░░░░░░░░]  48.5%  ETA 628s
[2026-08-05 13:14:21] [train] step=98 epoch=0 loss=0.006084  [██████████████░░░░░░░░░░░░░░░░]  49.0%  ETA 621s
[2026-08-05 13:14:26] [train] step=99 epoch=0 loss=0.006554  [██████████████░░░░░░░░░░░░░░░░]  49.5%  ETA 615s
[2026-08-05 13:14:32] [train] step=100 epoch=0 loss=0.006494  [███████████████░░░░░░░░░░░░░░░]  50.0%  ETA 608s
[2026-08-05 13:14:32] [eval] starting eval @ step=100  [███████████████░░░░░░░░░░░░░░░]  50.0%  ETA 608s
[2026-08-05 13:14:37] [eval] step=100 eval_loss=0.004774  (history: [0.01319683313369751, 0.0072987467050552365, 0.0058995306491851805, 0.00544280469417572, 0.005057036280632019, 0.004773507416248321])
[2026-08-05 13:14:42] [train] step=101 epoch=0 loss=0.006420  [███████████████░░░░░░░░░░░░░░░]  50.5%  ETA 606s
[2026-08-05 13:14:48] [train] step=102 epoch=0 loss=0.006436  [███████████████░░░░░░░░░░░░░░░]  51.0%  ETA 600s
[2026-08-05 13:14:53] [train] step=103 epoch=0 loss=0.006920  [███████████████░░░░░░░░░░░░░░░]  51.5%  ETA 593s
[2026-08-05 13:14:59] [train] step=104 epoch=0 loss=0.006865  [███████████████░░░░░░░░░░░░░░░]  52.0%  ETA 586s
[2026-08-05 13:15:04] [train] step=105 epoch=0 loss=0.006859  [███████████████░░░░░░░░░░░░░░░]  52.5%  ETA 580s
[2026-08-05 13:15:10] [train] step=106 epoch=0 loss=0.006840  [███████████████░░░░░░░░░░░░░░░]  53.0%  ETA 573s
[2026-08-05 13:15:16] [train] step=107 epoch=0 loss=0.006075  [████████████████░░░░░░░░░░░░░░]  53.5%  ETA 567s
[2026-08-05 13:15:21] [train] step=108 epoch=0 loss=0.007410  [████████████████░░░░░░░░░░░░░░]  54.0%  ETA 560s
[2026-08-05 13:15:27] [train] step=109 epoch=0 loss=0.006211  [████████████████░░░░░░░░░░░░░░]  54.5%  ETA 554s
[2026-08-05 13:15:32] [train] step=110 epoch=0 loss=0.006291  [████████████████░░░░░░░░░░░░░░]  55.0%  ETA 547s
[2026-08-05 13:15:38] [train] step=111 epoch=0 loss=0.006667  [████████████████░░░░░░░░░░░░░░]  55.5%  ETA 541s
[2026-08-05 13:15:44] [train] step=112 epoch=0 loss=0.006763  [████████████████░░░░░░░░░░░░░░]  56.0%  ETA 534s
[2026-08-05 13:15:50] [train] step=113 epoch=0 loss=0.006284  [████████████████░░░░░░░░░░░░░░]  56.5%  ETA 528s
[2026-08-05 13:15:55] [train] step=114 epoch=0 loss=0.005459  [█████████████████░░░░░░░░░░░░░]  57.0%  ETA 522s
[2026-08-05 13:16:01] [train] step=115 epoch=0 loss=0.006835  [█████████████████░░░░░░░░░░░░░]  57.5%  ETA 515s
[2026-08-05 13:16:06] [train] step=116 epoch=0 loss=0.006728  [█████████████████░░░░░░░░░░░░░]  58.0%  ETA 509s
[2026-08-05 13:16:12] [train] step=117 epoch=0 loss=0.006076  [█████████████████░░░░░░░░░░░░░]  58.5%  ETA 502s
[2026-08-05 13:16:17] [train] step=118 epoch=0 loss=0.007122  [█████████████████░░░░░░░░░░░░░]  59.0%  ETA 496s
[2026-08-05 13:16:23] [train] step=119 epoch=0 loss=0.005717  [█████████████████░░░░░░░░░░░░░]  59.5%  ETA 490s
[2026-08-05 13:16:29] [train] step=120 epoch=0 loss=0.006592  [██████████████████░░░░░░░░░░░░]  60.0%  ETA 483s
[2026-08-05 13:16:29] [eval] starting eval @ step=120  [██████████████████░░░░░░░░░░░░]  60.0%  ETA 483s
[2026-08-05 13:16:34] [eval] step=120 eval_loss=0.004549  (history: [0.01319683313369751, 0.0072987467050552365, 0.0058995306491851805, 0.00544280469417572, 0.005057036280632019, 0.004773507416248321, 0.0045488175749778745])
[2026-08-05 13:16:39] [train] step=121 epoch=0 loss=0.006439  [██████████████████░░░░░░░░░░░░]  60.5%  ETA 480s
[2026-08-05 13:16:45] [train] step=122 epoch=0 loss=0.006784  [██████████████████░░░░░░░░░░░░]  61.0%  ETA 474s
[2026-08-05 13:16:50] [train] step=123 epoch=0 loss=0.005810  [██████████████████░░░░░░░░░░░░]  61.5%  ETA 467s
[2026-08-05 13:16:56] [train] step=124 epoch=0 loss=0.007003  [██████████████████░░░░░░░░░░░░]  62.0%  ETA 461s
[2026-08-05 13:17:02] [train] step=125 epoch=0 loss=0.006331  [██████████████████░░░░░░░░░░░░]  62.5%  ETA 455s
[2026-08-05 13:17:07] [train] step=126 epoch=0 loss=0.005811  [██████████████████░░░░░░░░░░░░]  63.0%  ETA 449s
[2026-08-05 13:17:13] [train] step=127 epoch=0 loss=0.005690  [███████████████████░░░░░░░░░░░]  63.5%  ETA 442s
[2026-08-05 13:17:19] [train] step=128 epoch=0 loss=0.006417  [███████████████████░░░░░░░░░░░]  64.0%  ETA 436s
[2026-08-05 13:17:24] [train] step=129 epoch=0 loss=0.006539  [███████████████████░░░░░░░░░░░]  64.5%  ETA 430s
[2026-08-05 13:17:30] [train] step=130 epoch=0 loss=0.006398  [███████████████████░░░░░░░░░░░]  65.0%  ETA 423s
[2026-08-05 13:17:36] [train] step=131 epoch=0 loss=0.006742  [███████████████████░░░░░░░░░░░]  65.5%  ETA 417s
[2026-08-05 13:17:41] [train] step=132 epoch=0 loss=0.006092  [███████████████████░░░░░░░░░░░]  66.0%  ETA 411s
[2026-08-05 13:17:47] [train] step=133 epoch=0 loss=0.006578  [███████████████████░░░░░░░░░░░]  66.5%  ETA 405s
[2026-08-05 13:17:52] [train] step=134 epoch=0 loss=0.006219  [████████████████████░░░░░░░░░░]  67.0%  ETA 398s
[2026-08-05 13:17:58] [train] step=135 epoch=0 loss=0.006346  [████████████████████░░░░░░░░░░]  67.5%  ETA 392s
[2026-08-05 13:18:03] [train] step=136 epoch=0 loss=0.006632  [████████████████████░░░░░░░░░░]  68.0%  ETA 386s
[2026-08-05 13:18:09] [train] step=137 epoch=0 loss=0.006446  [████████████████████░░░░░░░░░░]  68.5%  ETA 379s
[2026-08-05 13:18:14] [train] step=138 epoch=0 loss=0.006862  [████████████████████░░░░░░░░░░]  69.0%  ETA 373s
[2026-08-05 13:18:20] [train] step=139 epoch=0 loss=0.006253  [████████████████████░░░░░░░░░░]  69.5%  ETA 367s
[2026-08-05 13:18:25] [train] step=140 epoch=0 loss=0.006725  [█████████████████████░░░░░░░░░]  70.0%  ETA 361s
[2026-08-05 13:18:25] [eval] starting eval @ step=140  [█████████████████████░░░░░░░░░]  70.0%  ETA 361s
[2026-08-05 13:18:30] [eval] step=140 eval_loss=0.004412  (history: [0.01319683313369751, 0.0072987467050552365, 0.0058995306491851805, 0.00544280469417572, 0.005057036280632019, 0.004773507416248321, 0.0045488175749778745, 0.004411669373512268])
[2026-08-05 13:18:36] [train] step=141 epoch=0 loss=0.006523  [█████████████████████░░░░░░░░░]  70.5%  ETA 357s
[2026-08-05 13:18:42] [train] step=142 epoch=0 loss=0.006103  [█████████████████████░░░░░░░░░]  71.0%  ETA 351s
[2026-08-05 13:18:47] [train] step=143 epoch=0 loss=0.005798  [█████████████████████░░░░░░░░░]  71.5%  ETA 344s
[2026-08-05 13:18:53] [train] step=144 epoch=0 loss=0.005409  [█████████████████████░░░░░░░░░]  72.0%  ETA 338s
[2026-08-05 13:18:59] [train] step=145 epoch=0 loss=0.006399  [█████████████████████░░░░░░░░░]  72.5%  ETA 332s
[2026-08-05 13:19:04] [train] step=146 epoch=0 loss=0.006773  [█████████████████████░░░░░░░░░]  73.0%  ETA 326s
[2026-08-05 13:19:10] [train] step=147 epoch=0 loss=0.005770  [██████████████████████░░░░░░░░]  73.5%  ETA 319s
[2026-08-05 13:19:15] [train] step=148 epoch=0 loss=0.006248  [██████████████████████░░░░░░░░]  74.0%  ETA 313s
[2026-08-05 13:19:21] [train] step=149 epoch=0 loss=0.005906  [██████████████████████░░░░░░░░]  74.5%  ETA 307s
[2026-08-05 13:19:26] [train] step=150 epoch=0 loss=0.006939  [██████████████████████░░░░░░░░]  75.0%  ETA 301s
[2026-08-05 13:19:32] [train] step=151 epoch=0 loss=0.006283  [██████████████████████░░░░░░░░]  75.5%  ETA 295s
[2026-08-05 13:19:37] [train] step=152 epoch=0 loss=0.005852  [██████████████████████░░░░░░░░]  76.0%  ETA 289s
[2026-08-05 13:19:43] [train] step=153 epoch=0 loss=0.007160  [██████████████████████░░░░░░░░]  76.5%  ETA 282s
[2026-08-05 13:19:49] [train] step=154 epoch=0 loss=0.005697  [███████████████████████░░░░░░░]  77.0%  ETA 276s
[2026-08-05 13:19:55] [train] step=155 epoch=0 loss=0.006239  [███████████████████████░░░░░░░]  77.5%  ETA 270s
[2026-08-05 13:20:00] [train] step=156 epoch=0 loss=0.006952  [███████████████████████░░░░░░░]  78.0%  ETA 264s
[2026-08-05 13:20:06] [train] step=157 epoch=0 loss=0.006194  [███████████████████████░░░░░░░]  78.5%  ETA 258s
[2026-08-05 13:20:12] [train] step=158 epoch=0 loss=0.006112  [███████████████████████░░░░░░░]  79.0%  ETA 252s
[2026-08-05 13:20:17] [train] step=159 epoch=0 loss=0.006956  [███████████████████████░░░░░░░]  79.5%  ETA 246s
[2026-08-05 13:20:23] [train] step=160 epoch=0 loss=0.007409  [████████████████████████░░░░░░]  80.0%  ETA 240s
[2026-08-05 13:20:23] [eval] starting eval @ step=160  [████████████████████████░░░░░░]  80.0%  ETA 240s
[2026-08-05 13:20:28] [eval] step=160 eval_loss=0.004342  (history: [0.01319683313369751, 0.0072987467050552365, 0.0058995306491851805, 0.00544280469417572, 0.005057036280632019, 0.004773507416248321, 0.0045488175749778745, 0.004411669373512268, 0.004342202246189118])
[2026-08-05 13:20:34] [train] step=161 epoch=0 loss=0.005983  [████████████████████████░░░░░░]  80.5%  ETA 235s
[2026-08-05 13:20:40] [train] step=162 epoch=0 loss=0.007251  [████████████████████████░░░░░░]  81.0%  ETA 229s
[2026-08-05 13:20:45] [train] step=163 epoch=0 loss=0.005882  [████████████████████████░░░░░░]  81.5%  ETA 223s
[2026-08-05 13:20:51] [train] step=164 epoch=0 loss=0.005774  [████████████████████████░░░░░░]  82.0%  ETA 217s
[2026-08-05 13:20:57] [train] step=165 epoch=0 loss=0.005857  [████████████████████████░░░░░░]  82.5%  ETA 211s
[2026-08-05 13:21:03] [train] step=166 epoch=0 loss=0.007046  [████████████████████████░░░░░░]  83.0%  ETA 205s
[2026-08-05 13:21:08] [train] step=167 epoch=0 loss=0.005210  [█████████████████████████░░░░░]  83.5%  ETA 199s
[2026-08-05 13:21:14] [train] step=168 epoch=0 loss=0.006179  [█████████████████████████░░░░░]  84.0%  ETA 192s
[2026-08-05 13:21:20] [train] step=169 epoch=0 loss=0.006584  [█████████████████████████░░░░░]  84.5%  ETA 186s
[2026-08-05 13:21:25] [train] step=170 epoch=0 loss=0.006198  [█████████████████████████░░░░░]  85.0%  ETA 180s
[2026-08-05 13:21:31] [train] step=171 epoch=0 loss=0.006142  [█████████████████████████░░░░░]  85.5%  ETA 174s
[2026-08-05 13:21:36] [train] step=172 epoch=0 loss=0.007041  [█████████████████████████░░░░░]  86.0%  ETA 168s
[2026-08-05 13:21:42] [train] step=173 epoch=0 loss=0.005989  [█████████████████████████░░░░░]  86.5%  ETA 162s
[2026-08-05 13:21:47] [train] step=174 epoch=0 loss=0.006027  [██████████████████████████░░░░]  87.0%  ETA 156s
[2026-08-05 13:21:53] [train] step=175 epoch=0 loss=0.006721  [██████████████████████████░░░░]  87.5%  ETA 150s
[2026-08-05 13:21:58] [train] step=176 epoch=0 loss=0.006508  [██████████████████████████░░░░]  88.0%  ETA 144s
[2026-08-05 13:22:04] [train] step=177 epoch=0 loss=0.005552  [██████████████████████████░░░░]  88.5%  ETA 138s
[2026-08-05 13:22:09] [train] step=178 epoch=0 loss=0.006603  [██████████████████████████░░░░]  89.0%  ETA 132s
[2026-08-05 13:22:15] [train] step=179 epoch=0 loss=0.005927  [██████████████████████████░░░░]  89.5%  ETA 126s
[2026-08-05 13:22:20] [train] step=180 epoch=0 loss=0.006291  [███████████████████████████░░░]  90.0%  ETA 120s
[2026-08-05 13:22:20] [eval] starting eval @ step=180  [███████████████████████████░░░]  90.0%  ETA 120s
[2026-08-05 13:22:25] [eval] step=180 eval_loss=0.004320  (history: [0.01319683313369751, 0.0072987467050552365, 0.0058995306491851805, 0.00544280469417572, 0.005057036280632019, 0.004773507416248321, 0.0045488175749778745, 0.004411669373512268, 0.004342202246189118, 0.004319751262664795])
[2026-08-05 13:22:31] [train] step=181 epoch=0 loss=0.006527  [███████████████████████████░░░]  90.5%  ETA 114s
[2026-08-05 13:22:36] [train] step=182 epoch=0 loss=0.006697  [███████████████████████████░░░]  91.0%  ETA 108s
[2026-08-05 13:22:42] [train] step=183 epoch=0 loss=0.005631  [███████████████████████████░░░]  91.5%  ETA 102s
[2026-08-05 13:22:47] [train] step=184 epoch=0 loss=0.005864  [███████████████████████████░░░]  92.0%  ETA 96s
[2026-08-05 13:22:53] [train] step=185 epoch=0 loss=0.005886  [███████████████████████████░░░]  92.5%  ETA 90s
[2026-08-05 13:22:58] [train] step=186 epoch=0 loss=0.006626  [███████████████████████████░░░]  93.0%  ETA 84s
[2026-08-05 13:23:04] [train] step=187 epoch=0 loss=0.006348  [████████████████████████████░░]  93.5%  ETA 78s
[2026-08-05 13:23:09] [train] step=188 epoch=0 loss=0.006402  [████████████████████████████░░]  94.0%  ETA 72s
[2026-08-05 13:23:15] [train] step=189 epoch=0 loss=0.006599  [████████████████████████████░░]  94.5%  ETA 66s
[2026-08-05 13:23:20] [train] step=190 epoch=0 loss=0.006140  [████████████████████████████░░]  95.0%  ETA 60s
[2026-08-05 13:23:26] [train] step=191 epoch=0 loss=0.005422  [████████████████████████████░░]  95.5%  ETA 54s
[2026-08-05 13:23:32] [train] step=192 epoch=0 loss=0.006160  [████████████████████████████░░]  96.0%  ETA 48s
[2026-08-05 13:23:38] [train] step=193 epoch=0 loss=0.006579  [████████████████████████████░░]  96.5%  ETA 42s
[2026-08-05 13:23:44] [train] step=194 epoch=0 loss=0.005530  [█████████████████████████████░]  97.0%  ETA 36s
[2026-08-05 13:23:50] [train] step=195 epoch=0 loss=0.005532  [█████████████████████████████░]  97.5%  ETA 30s
[2026-08-05 13:23:56] [train] step=196 epoch=0 loss=0.006880  [█████████████████████████████░]  98.0%  ETA 24s
[2026-08-05 13:24:02] [train] step=197 epoch=0 loss=0.005705  [█████████████████████████████░]  98.5%  ETA 18s
[2026-08-05 13:24:08] [train] step=198 epoch=0 loss=0.005673  [█████████████████████████████░]  99.0%  ETA 12s
[2026-08-05 13:24:14] [train] step=199 epoch=0 loss=0.005340  [█████████████████████████████░]  99.5%  ETA 6s
[2026-08-05 13:24:20] [train] step=200 epoch=0 loss=0.005760  [██████████████████████████████] 100.0%  ETA 0s
[2026-08-05 13:24:20] [train] reached max_update_steps=200, stopping (total wall time 1196s)
