[2026-08-04 15:28:07] === starting DEFORM training: DLO_type=d003_all train_time_horizon=20 eval_time_horizon=100 max_update_steps=200 ===
[2026-08-04 15:28:07] GPU: NVIDIA GeForce RTX 2060 (cuda:0)
[2026-08-04 15:28:07] logging to logs/train_d003_all.log
[2026-08-04 15:28:07] [data] precomputing mu_0 (bishop frames) for 56 train episodes, 569098 frames total, on CPU x11 workers
[2026-08-04 15:28:11] [data] [░░░░░░░░░░░░░░░░░░░░░░░░░░░░░░]   0.9% frames 5034/569098 eps 1/56  1525 frames/s  ETA 370s
[2026-08-04 15:28:11] [data] [░░░░░░░░░░░░░░░░░░░░░░░░░░░░░░]   1.6% frames 8918/569098 eps 2/56  2457 frames/s  ETA 228s
[2026-08-04 15:28:12] [data] [░░░░░░░░░░░░░░░░░░░░░░░░░░░░░░]   2.4% frames 13558/569098 eps 3/56  3202 frames/s  ETA 173s
[2026-08-04 15:28:12] [data] [░░░░░░░░░░░░░░░░░░░░░░░░░░░░░░]   3.3% frames 18601/569098 eps 4/56  3975 frames/s  ETA 138s
[2026-08-04 15:28:12] [data] [█░░░░░░░░░░░░░░░░░░░░░░░░░░░░░]   4.2% frames 24130/569098 eps 5/56  4834 frames/s  ETA 113s
[2026-08-04 15:28:13] [data] [█░░░░░░░░░░░░░░░░░░░░░░░░░░░░░]   5.3% frames 30296/569098 eps 6/56  5464 frames/s  ETA 99s
[2026-08-04 15:28:13] [data] [█░░░░░░░░░░░░░░░░░░░░░░░░░░░░░]   6.4% frames 36504/569098 eps 7/56  6471 frames/s  ETA 82s
[2026-08-04 15:28:14] [data] [██░░░░░░░░░░░░░░░░░░░░░░░░░░░░]   7.6% frames 43280/569098 eps 8/56  6964 frames/s  ETA 76s
[2026-08-04 15:28:14] [data] [██░░░░░░░░░░░░░░░░░░░░░░░░░░░░]   8.9% frames 50771/569098 eps 9/56  7569 frames/s  ETA 68s
[2026-08-04 15:28:15] [data] [██░░░░░░░░░░░░░░░░░░░░░░░░░░░░]   9.8% frames 55592/569098 eps 10/56  7058 frames/s  ETA 73s
[2026-08-04 15:28:16] [data] [███░░░░░░░░░░░░░░░░░░░░░░░░░░░]  10.7% frames 60626/569098 eps 11/56  7043 frames/s  ETA 72s
[2026-08-04 15:28:16] [data] [███░░░░░░░░░░░░░░░░░░░░░░░░░░░]  11.5% frames 65378/569098 eps 12/56  7370 frames/s  ETA 68s
[2026-08-04 15:28:16] [data] [███░░░░░░░░░░░░░░░░░░░░░░░░░░░]  12.3% frames 69887/569098 eps 13/56  7824 frames/s  ETA 64s
[2026-08-04 15:28:17] [data] [████░░░░░░░░░░░░░░░░░░░░░░░░░░]  14.1% frames 80504/569098 eps 14/56  8261 frames/s  ETA 59s
[2026-08-04 15:28:18] [data] [████░░░░░░░░░░░░░░░░░░░░░░░░░░]  14.8% frames 83993/569098 eps 15/56  7671 frames/s  ETA 63s
[2026-08-04 15:28:19] [data] [████░░░░░░░░░░░░░░░░░░░░░░░░░░]  15.9% frames 90769/569098 eps 16/56  7983 frames/s  ETA 60s
[2026-08-04 15:28:19] [data] [█████░░░░░░░░░░░░░░░░░░░░░░░░░]  17.0% frames 96707/569098 eps 17/56  8459 frames/s  ETA 56s
[2026-08-04 15:28:19] [data] [█████░░░░░░░░░░░░░░░░░░░░░░░░░]  17.6% frames 100135/569098 eps 18/56  8613 frames/s  ETA 54s
[2026-08-04 15:28:20] [data] [█████░░░░░░░░░░░░░░░░░░░░░░░░░]  18.7% frames 106318/569098 eps 19/56  8791 frames/s  ETA 53s
[2026-08-04 15:28:20] [data] [█████░░░░░░░░░░░░░░░░░░░░░░░░░]  19.5% frames 110957/569098 eps 20/56  8546 frames/s  ETA 54s
[2026-08-04 15:28:20] [data] [██████░░░░░░░░░░░░░░░░░░░░░░░░]  20.4% frames 116339/569098 eps 21/56  8951 frames/s  ETA 51s
[2026-08-04 15:28:21] [data] [██████░░░░░░░░░░░░░░░░░░░░░░░░]  21.3% frames 121343/569098 eps 22/56  9140 frames/s  ETA 49s
[2026-08-04 15:28:22] [data] [██████░░░░░░░░░░░░░░░░░░░░░░░░]  22.0% frames 125374/569098 eps 23/56  8522 frames/s  ETA 52s
[2026-08-04 15:28:24] [data] [██████░░░░░░░░░░░░░░░░░░░░░░░░]  23.0% frames 130766/569098 eps 24/56  7786 frames/s  ETA 56s
[2026-08-04 15:28:25] [data] [███████░░░░░░░░░░░░░░░░░░░░░░░]  23.9% frames 136066/569098 eps 25/56  7755 frames/s  ETA 56s
[2026-08-04 15:28:26] [data] [███████░░░░░░░░░░░░░░░░░░░░░░░]  25.0% frames 142274/569098 eps 26/56  7854 frames/s  ETA 54s
[2026-08-04 15:28:26] [data] [███████░░░░░░░░░░░░░░░░░░░░░░░]  26.2% frames 149159/569098 eps 27/56  7882 frames/s  ETA 53s
[2026-08-04 15:28:28] [data] [████████░░░░░░░░░░░░░░░░░░░░░░]  26.8% frames 152656/569098 eps 28/56  7492 frames/s  ETA 56s
[2026-08-04 15:28:29] [data] [████████░░░░░░░░░░░░░░░░░░░░░░]  28.6% frames 163042/569098 eps 29/56  7553 frames/s  ETA 54s
[2026-08-04 15:28:32] [data] [█████████░░░░░░░░░░░░░░░░░░░░░]  30.3% frames 172273/569098 eps 30/56  7099 frames/s  ETA 56s
[2026-08-04 15:28:33] [data] [█████████░░░░░░░░░░░░░░░░░░░░░]  31.7% frames 180613/569098 eps 31/56  7053 frames/s  ETA 55s
[2026-08-04 15:28:34] [data] [█████████░░░░░░░░░░░░░░░░░░░░░]  32.7% frames 186192/569098 eps 32/56  7134 frames/s  ETA 54s
[2026-08-04 15:28:34] [data] [██████████░░░░░░░░░░░░░░░░░░░░]  34.3% frames 195360/569098 eps 33/56  7377 frames/s  ETA 51s
[2026-08-04 15:28:37] [data] [██████████░░░░░░░░░░░░░░░░░░░░]  36.2% frames 205730/569098 eps 34/56  6965 frames/s  ETA 52s
[2026-08-04 15:28:37] [data] [███████████░░░░░░░░░░░░░░░░░░░]  37.6% frames 213698/569098 eps 35/56  7196 frames/s  ETA 49s
[2026-08-04 15:28:37] [data] [███████████░░░░░░░░░░░░░░░░░░░]  38.2% frames 217262/569098 eps 36/56  7292 frames/s  ETA 48s
[2026-08-04 15:28:38] [data] [███████████░░░░░░░░░░░░░░░░░░░]  38.8% frames 220805/569098 eps 37/56  7335 frames/s  ETA 47s
[2026-08-04 15:28:38] [data] [█████████████░░░░░░░░░░░░░░░░░]  44.3% frames 252375/569098 eps 38/56  8361 frames/s  ETA 38s
[2026-08-04 15:28:41] [data] [█████████████░░░░░░░░░░░░░░░░░]  45.0% frames 255939/569098 eps 39/56  7669 frames/s  ETA 41s
[2026-08-04 15:28:41] [data] [█████████████░░░░░░░░░░░░░░░░░]  45.7% frames 260334/569098 eps 40/56  7647 frames/s  ETA 40s
[2026-08-04 15:28:42] [data] [█████████████░░░░░░░░░░░░░░░░░]  46.7% frames 265500/569098 eps 41/56  7584 frames/s  ETA 40s
[2026-08-04 15:28:44] [data] [██████████████░░░░░░░░░░░░░░░░]  47.8% frames 271903/569098 eps 42/56  7479 frames/s  ETA 40s
[2026-08-04 15:28:45] [data] [██████████████░░░░░░░░░░░░░░░░]  49.0% frames 278643/569098 eps 43/56  7516 frames/s  ETA 39s
[2026-08-04 15:28:46] [data] [██████████████░░░░░░░░░░░░░░░░]  49.9% frames 283912/569098 eps 44/56  7348 frames/s  ETA 39s
[2026-08-04 15:28:48] [data] [███████████████░░░░░░░░░░░░░░░]  51.1% frames 290797/569098 eps 45/56  7192 frames/s  ETA 39s
[2026-08-04 15:28:48] [data] [█████████████████░░░░░░░░░░░░░]  57.3% frames 326049/569098 eps 46/56  8032 frames/s  ETA 30s
[2026-08-04 15:28:50] [data] [█████████████████░░░░░░░░░░░░░]  58.4% frames 332291/569098 eps 47/56  7819 frames/s  ETA 30s
[2026-08-04 15:28:51] [data] [███████████████████░░░░░░░░░░░]  66.4% frames 377849/569098 eps 48/56  8712 frames/s  ETA 22s
[2026-08-04 15:28:51] [data] [████████████████████░░░░░░░░░░]  68.0% frames 387080/569098 eps 49/56  8891 frames/s  ETA 20s
[2026-08-04 15:28:51] [data] [████████████████████░░░░░░░░░░]  69.3% frames 394605/569098 eps 50/56  9034 frames/s  ETA 19s
[2026-08-04 15:28:52] [data] [██████████████████████░░░░░░░░]  74.9% frames 426175/569098 eps 51/56  9621 frames/s  ETA 15s
[2026-08-04 15:28:53] [data] [███████████████████████░░░░░░░]  76.8% frames 436792/569098 eps 52/56  9640 frames/s  ETA 14s
[2026-08-04 15:28:53] [data] [████████████████████████░░░░░░]  83.3% frames 474223/569098 eps 53/56  10408 frames/s  ETA 9s
[2026-08-04 15:28:53] [data] [█████████████████████████░░░░░]  84.6% frames 481211/569098 eps 54/56  10477 frames/s  ETA 8s
[2026-08-04 15:29:00] [data] [███████████████████████████░░░]  91.1% frames 518187/569098 eps 55/56  9777 frames/s  ETA 5s
[2026-08-04 15:29:07] [data] [██████████████████████████████] 100.0% frames 569098/569098 eps 56/56  9526 frames/s  ETA 0s
[2026-08-04 15:29:07] [data] mu_0 precompute done in 59.8s
[2026-08-04 15:29:07] [data] loading 14 eval episodes
[2026-08-04 15:29:09] [eval] starting eval @ step=0  [░░░░░░░░░░░░░░░░░░░░░░░░░░░░░░]   0.0%  ETA nans
[2026-08-04 15:29:15] [eval] step=0 eval_loss=0.013790  (history: [0.013789693117141724])
[2026-08-04 18:21:23] === starting DEFORM training: DLO_type=d003_all train_time_horizon=20 eval_time_horizon=100 max_update_steps=200 ===
[2026-08-04 18:21:23] GPU: NVIDIA GeForce RTX 2060 (cuda:0)
[2026-08-04 18:21:23] logging to logs/train_d003_all.log
[2026-08-04 18:21:23] [data] precomputing mu_0 (bishop frames) for 56 train episodes, 569098 frames total, on CPU x11 workers
[2026-08-04 18:21:27] [data] [░░░░░░░░░░░░░░░░░░░░░░░░░░░░░░]   0.7% frames 3884/569098 eps 1/56  1094 frames/s  ETA 516s
[2026-08-04 18:21:28] [data] [░░░░░░░░░░░░░░░░░░░░░░░░░░░░░░]   1.6% frames 8927/569098 eps 2/56  2114 frames/s  ETA 265s
[2026-08-04 18:21:28] [data] [░░░░░░░░░░░░░░░░░░░░░░░░░░░░░░]   2.4% frames 13567/569098 eps 3/56  3155 frames/s  ETA 176s
[2026-08-04 18:21:28] [data] [░░░░░░░░░░░░░░░░░░░░░░░░░░░░░░]   3.3% frames 18601/569098 eps 4/56  4177 frames/s  ETA 132s
[2026-08-04 18:21:28] [data] [█░░░░░░░░░░░░░░░░░░░░░░░░░░░░░]   4.2% frames 24130/569098 eps 5/56  4940 frames/s  ETA 110s
[2026-08-04 18:21:29] [data] [█░░░░░░░░░░░░░░░░░░░░░░░░░░░░░]   5.3% frames 30338/569098 eps 6/56  5477 frames/s  ETA 98s
[2026-08-04 18:21:29] [data] [█░░░░░░░░░░░░░░░░░░░░░░░░░░░░░]   6.4% frames 36504/569098 eps 7/56  6467 frames/s  ETA 82s
[2026-08-04 18:21:30] [data] [██░░░░░░░░░░░░░░░░░░░░░░░░░░░░]   7.6% frames 43280/569098 eps 8/56  6964 frames/s  ETA 76s
[2026-08-04 18:21:30] [data] [██░░░░░░░░░░░░░░░░░░░░░░░░░░░░]   8.9% frames 50771/569098 eps 9/56  7670 frames/s  ETA 68s
[2026-08-04 18:21:30] [data] [██░░░░░░░░░░░░░░░░░░░░░░░░░░░░]   9.8% frames 55592/569098 eps 10/56  7960 frames/s  ETA 65s
[2026-08-04 18:21:32] [data] [███░░░░░░░░░░░░░░░░░░░░░░░░░░░]  10.6% frames 60344/569098 eps 11/56  7092 frames/s  ETA 72s
[2026-08-04 18:21:32] [data] [███░░░░░░░░░░░░░░░░░░░░░░░░░░░]  11.5% frames 65378/569098 eps 12/56  7578 frames/s  ETA 66s
[2026-08-04 18:21:32] [data] [███░░░░░░░░░░░░░░░░░░░░░░░░░░░]  12.3% frames 69887/569098 eps 13/56  7975 frames/s  ETA 63s
[2026-08-04 18:21:33] [data] [███░░░░░░░░░░░░░░░░░░░░░░░░░░░]  12.9% frames 73376/569098 eps 14/56  7541 frames/s  ETA 66s
[2026-08-04 18:21:34] [data] [████░░░░░░░░░░░░░░░░░░░░░░░░░░]  14.1% frames 80152/569098 eps 15/56  7842 frames/s  ETA 62s
[2026-08-04 18:21:35] [data] [████░░░░░░░░░░░░░░░░░░░░░░░░░░]  15.1% frames 86090/569098 eps 16/56  7487 frames/s  ETA 65s
[2026-08-04 18:21:35] [data] [████░░░░░░░░░░░░░░░░░░░░░░░░░░]  15.7% frames 89518/569098 eps 17/56  7706 frames/s  ETA 62s
[2026-08-04 18:21:36] [data] [█████░░░░░░░░░░░░░░░░░░░░░░░░░]  16.8% frames 95701/569098 eps 18/56  7868 frames/s  ETA 60s
[2026-08-04 18:21:36] [data] [█████░░░░░░░░░░░░░░░░░░░░░░░░░]  18.7% frames 106318/569098 eps 19/56  8717 frames/s  ETA 53s
[2026-08-04 18:21:37] [data] [█████░░░░░░░░░░░░░░░░░░░░░░░░░]  19.5% frames 110957/569098 eps 20/56  8461 frames/s  ETA 54s
[2026-08-04 18:21:37] [data] [██████░░░░░░░░░░░░░░░░░░░░░░░░]  20.2% frames 114988/569098 eps 21/56  8642 frames/s  ETA 53s
[2026-08-04 18:21:37] [data] [██████░░░░░░░░░░░░░░░░░░░░░░░░]  21.1% frames 119992/569098 eps 22/56  8955 frames/s  ETA 50s
[2026-08-04 18:21:38] [data] [██████░░░░░░░░░░░░░░░░░░░░░░░░]  22.0% frames 125374/569098 eps 23/56  8348 frames/s  ETA 53s
[2026-08-04 18:21:41] [data] [██████░░░░░░░░░░░░░░░░░░░░░░░░]  23.0% frames 130766/569098 eps 24/56  7462 frames/s  ETA 59s
[2026-08-04 18:21:42] [data] [███████░░░░░░░░░░░░░░░░░░░░░░░]  23.9% frames 136066/569098 eps 25/56  7350 frames/s  ETA 59s
[2026-08-04 18:21:43] [data] [███████░░░░░░░░░░░░░░░░░░░░░░░]  25.1% frames 142951/569098 eps 26/56  7498 frames/s  ETA 57s
[2026-08-04 18:21:43] [data] [███████░░░░░░░░░░░░░░░░░░░░░░░]  26.2% frames 149159/569098 eps 27/56  7576 frames/s  ETA 55s
[2026-08-04 18:21:44] [data] [████████░░░░░░░░░░░░░░░░░░░░░░]  26.8% frames 152656/569098 eps 28/56  7263 frames/s  ETA 57s
[2026-08-04 18:21:46] [data] [████████░░░░░░░░░░░░░░░░░░░░░░]  28.6% frames 163042/569098 eps 29/56  7393 frames/s  ETA 55s
[2026-08-04 18:21:48] [data] [█████████░░░░░░░░░░░░░░░░░░░░░]  30.3% frames 172273/569098 eps 30/56  7115 frames/s  ETA 56s
[2026-08-04 18:21:49] [data] [█████████░░░░░░░░░░░░░░░░░░░░░]  31.7% frames 180613/569098 eps 31/56  6979 frames/s  ETA 56s
[2026-08-04 18:21:50] [data] [█████████░░░░░░░░░░░░░░░░░░░░░]  32.7% frames 186192/569098 eps 32/56  7002 frames/s  ETA 55s
[2026-08-04 18:21:51] [data] [███████████░░░░░░░░░░░░░░░░░░░]  38.3% frames 217762/569098 eps 33/56  7978 frames/s  ETA 44s
[2026-08-04 18:21:51] [data] [███████████░░░░░░░░░░░░░░░░░░░]  39.9% frames 226930/569098 eps 34/56  8125 frames/s  ETA 42s
[2026-08-04 18:21:54] [data] [████████████░░░░░░░░░░░░░░░░░░]  40.5% frames 230494/569098 eps 35/56  7633 frames/s  ETA 44s
[2026-08-04 18:21:54] [data] [████████████░░░░░░░░░░░░░░░░░░]  41.9% frames 238462/569098 eps 36/56  7891 frames/s  ETA 42s
[2026-08-04 18:21:54] [data] [█████████████░░░░░░░░░░░░░░░░░]  43.7% frames 248832/569098 eps 37/56  8230 frames/s  ETA 39s
[2026-08-04 18:21:54] [data] [█████████████░░░░░░░░░░░░░░░░░]  44.5% frames 253227/569098 eps 38/56  8234 frames/s  ETA 38s
[2026-08-04 18:21:54] [data] [█████████████░░░░░░░░░░░░░░░░░]  45.1% frames 256770/569098 eps 39/56  8310 frames/s  ETA 38s
[2026-08-04 18:21:57] [data] [█████████████░░░░░░░░░░░░░░░░░]  45.7% frames 260334/569098 eps 40/56  7705 frames/s  ETA 40s
[2026-08-04 18:21:59] [data] [██████████████░░░░░░░░░░░░░░░░]  46.9% frames 267074/569098 eps 41/56  7604 frames/s  ETA 40s
[2026-08-04 18:21:59] [data] [██████████████░░░░░░░░░░░░░░░░]  47.8% frames 272240/569098 eps 42/56  7672 frames/s  ETA 39s
[2026-08-04 18:22:00] [data] [██████████████░░░░░░░░░░░░░░░░]  49.0% frames 278643/569098 eps 43/56  7571 frames/s  ETA 38s
[2026-08-04 18:22:01] [data] [███████████████░░░░░░░░░░░░░░░]  50.2% frames 285528/569098 eps 44/56  7520 frames/s  ETA 38s
[2026-08-04 18:22:02] [data] [█████████████████░░░░░░░░░░░░░]  58.2% frames 331086/569098 eps 45/56  8494 frames/s  ETA 28s
[2026-08-04 18:22:04] [data] [█████████████████░░░░░░░░░░░░░]  59.1% frames 336355/569098 eps 46/56  8306 frames/s  ETA 28s
[2026-08-04 18:22:04] [data] [███████████████████░░░░░░░░░░░]  65.3% frames 371607/569098 eps 47/56  9117 frames/s  ETA 22s
[2026-08-04 18:22:05] [data] [████████████████████░░░░░░░░░░]  66.9% frames 380838/569098 eps 48/56  9117 frames/s  ETA 21s
[2026-08-04 18:22:06] [data] [████████████████████░░░░░░░░░░]  68.2% frames 388363/569098 eps 49/56  9233 frames/s  ETA 20s
[2026-08-04 18:22:06] [data] [████████████████████░░░░░░░░░░]  69.3% frames 394605/569098 eps 50/56  9281 frames/s  ETA 19s
[2026-08-04 18:22:07] [data] [██████████████████████░░░░░░░░]  74.9% frames 426175/569098 eps 51/56  9818 frames/s  ETA 15s
[2026-08-04 18:22:08] [data] [██████████████████████░░░░░░░░]  76.1% frames 433163/569098 eps 52/56  9737 frames/s  ETA 14s
[2026-08-04 18:22:09] [data] [████████████████████████░░░░░░]  82.7% frames 470594/569098 eps 53/56  10392 frames/s  ETA 9s
[2026-08-04 18:22:09] [data] [█████████████████████████░░░░░]  84.6% frames 481211/569098 eps 54/56  10573 frames/s  ETA 8s
[2026-08-04 18:22:15] [data] [███████████████████████████░░░]  91.1% frames 518187/569098 eps 55/56  10101 frames/s  ETA 5s
[2026-08-04 18:22:22] [data] [██████████████████████████████] 100.0% frames 569098/569098 eps 56/56  9691 frames/s  ETA 0s
[2026-08-04 18:22:22] [data] mu_0 precompute done in 58.7s
[2026-08-04 18:22:22] [data] loading 14 eval episodes
[2026-08-04 18:22:24] [eval] starting eval @ step=0  [░░░░░░░░░░░░░░░░░░░░░░░░░░░░░░]   0.0%  ETA nans
[2026-08-04 18:22:29] [eval] step=0 eval_loss=0.013790  (history: [0.013789678812026978])
[2026-08-04 18:22:35] [train] step=1 epoch=0 loss=0.010123  [░░░░░░░░░░░░░░░░░░░░░░░░░░░░░░]   0.5%  ETA 2211s
[2026-08-04 18:22:40] [train] step=2 epoch=0 loss=0.010469  [░░░░░░░░░░░░░░░░░░░░░░░░░░░░░░]   1.0%  ETA 1656s
[2026-08-04 18:22:47] [train] step=3 epoch=0 loss=0.010165  [░░░░░░░░░░░░░░░░░░░░░░░░░░░░░░]   1.5%  ETA 1508s
[2026-08-04 18:22:53] [train] step=4 epoch=0 loss=0.010022  [░░░░░░░░░░░░░░░░░░░░░░░░░░░░░░]   2.0%  ETA 1436s
[2026-08-04 18:23:00] [train] step=5 epoch=0 loss=0.009974  [░░░░░░░░░░░░░░░░░░░░░░░░░░░░░░]   2.5%  ETA 1403s
[2026-08-04 18:23:06] [train] step=6 epoch=0 loss=0.010689  [░░░░░░░░░░░░░░░░░░░░░░░░░░░░░░]   3.0%  ETA 1362s
[2026-08-04 18:23:12] [train] step=7 epoch=0 loss=0.009757  [█░░░░░░░░░░░░░░░░░░░░░░░░░░░░░]   3.5%  ETA 1327s
[2026-08-04 18:23:17] [train] step=8 epoch=0 loss=0.009022  [█░░░░░░░░░░░░░░░░░░░░░░░░░░░░░]   4.0%  ETA 1286s
[2026-08-04 18:23:23] [train] step=9 epoch=0 loss=0.009362  [█░░░░░░░░░░░░░░░░░░░░░░░░░░░░░]   4.5%  ETA 1259s
[2026-08-04 18:23:29] [train] step=10 epoch=0 loss=0.009534  [█░░░░░░░░░░░░░░░░░░░░░░░░░░░░░]   5.0%  ETA 1232s
[2026-08-04 18:23:34] [train] step=11 epoch=0 loss=0.009690  [█░░░░░░░░░░░░░░░░░░░░░░░░░░░░░]   5.5%  ETA 1211s
[2026-08-04 18:23:40] [train] step=12 epoch=0 loss=0.010746  [█░░░░░░░░░░░░░░░░░░░░░░░░░░░░░]   6.0%  ETA 1191s
[2026-08-04 18:23:45] [train] step=13 epoch=0 loss=0.008357  [█░░░░░░░░░░░░░░░░░░░░░░░░░░░░░]   6.5%  ETA 1172s
[2026-08-04 18:23:51] [train] step=14 epoch=0 loss=0.009114  [██░░░░░░░░░░░░░░░░░░░░░░░░░░░░]   7.0%  ETA 1156s
[2026-08-04 18:23:56] [train] step=15 epoch=0 loss=0.008952  [██░░░░░░░░░░░░░░░░░░░░░░░░░░░░]   7.5%  ETA 1140s
[2026-08-04 18:24:02] [train] step=16 epoch=0 loss=0.007882  [██░░░░░░░░░░░░░░░░░░░░░░░░░░░░]   8.0%  ETA 1127s
[2026-08-04 18:24:07] [train] step=17 epoch=0 loss=0.008336  [██░░░░░░░░░░░░░░░░░░░░░░░░░░░░]   8.5%  ETA 1114s
[2026-08-04 18:24:13] [train] step=18 epoch=0 loss=0.008257  [██░░░░░░░░░░░░░░░░░░░░░░░░░░░░]   9.0%  ETA 1102s
[2026-08-04 18:24:18] [train] step=19 epoch=0 loss=0.008442  [██░░░░░░░░░░░░░░░░░░░░░░░░░░░░]   9.5%  ETA 1090s
[2026-08-04 18:24:24] [train] step=20 epoch=0 loss=0.008653  [███░░░░░░░░░░░░░░░░░░░░░░░░░░░]  10.0%  ETA 1079s
[2026-08-04 18:24:24] [eval] starting eval @ step=20  [███░░░░░░░░░░░░░░░░░░░░░░░░░░░]  10.0%  ETA 1079s
[2026-08-04 18:24:29] [eval] step=20 eval_loss=0.008275  (history: [0.013789678812026978, 0.008275399208068848])
[2026-08-04 18:24:34] [train] step=21 epoch=0 loss=0.008292  [███░░░░░░░░░░░░░░░░░░░░░░░░░░░]  10.5%  ETA 1112s
[2026-08-04 18:24:40] [train] step=22 epoch=0 loss=0.007816  [███░░░░░░░░░░░░░░░░░░░░░░░░░░░]  11.0%  ETA 1100s
[2026-08-04 18:24:46] [train] step=23 epoch=0 loss=0.008826  [███░░░░░░░░░░░░░░░░░░░░░░░░░░░]  11.5%  ETA 1092s
[2026-08-04 18:24:51] [train] step=24 epoch=0 loss=0.008796  [███░░░░░░░░░░░░░░░░░░░░░░░░░░░]  12.0%  ETA 1082s
[2026-08-04 18:24:58] [train] step=25 epoch=0 loss=0.008802  [███░░░░░░░░░░░░░░░░░░░░░░░░░░░]  12.5%  ETA 1077s
[2026-08-04 18:25:04] [train] step=26 epoch=0 loss=0.007874  [███░░░░░░░░░░░░░░░░░░░░░░░░░░░]  13.0%  ETA 1072s
[2026-08-04 18:25:10] [train] step=27 epoch=0 loss=0.007933  [████░░░░░░░░░░░░░░░░░░░░░░░░░░]  13.5%  ETA 1065s
[2026-08-04 18:25:16] [train] step=28 epoch=0 loss=0.009127  [████░░░░░░░░░░░░░░░░░░░░░░░░░░]  14.0%  ETA 1057s
[2026-08-04 18:25:21] [train] step=29 epoch=0 loss=0.008537  [████░░░░░░░░░░░░░░░░░░░░░░░░░░]  14.5%  ETA 1048s
[2026-08-04 18:25:27] [train] step=30 epoch=0 loss=0.008380  [████░░░░░░░░░░░░░░░░░░░░░░░░░░]  15.0%  ETA 1041s
[2026-08-04 18:25:34] [train] step=31 epoch=0 loss=0.008218  [████░░░░░░░░░░░░░░░░░░░░░░░░░░]  15.5%  ETA 1037s
[2026-08-04 18:25:40] [train] step=32 epoch=0 loss=0.008425  [████░░░░░░░░░░░░░░░░░░░░░░░░░░]  16.0%  ETA 1032s
[2026-08-04 18:25:46] [train] step=33 epoch=0 loss=0.007698  [████░░░░░░░░░░░░░░░░░░░░░░░░░░]  16.5%  ETA 1024s
[2026-08-04 18:25:52] [train] step=34 epoch=0 loss=0.007661  [█████░░░░░░░░░░░░░░░░░░░░░░░░░]  17.0%  ETA 1017s
[2026-08-04 18:25:58] [train] step=35 epoch=0 loss=0.006823  [█████░░░░░░░░░░░░░░░░░░░░░░░░░]  17.5%  ETA 1012s
[2026-08-04 18:26:05] [train] step=36 epoch=0 loss=0.007003  [█████░░░░░░░░░░░░░░░░░░░░░░░░░]  18.0%  ETA 1006s
[2026-08-04 18:26:10] [train] step=37 epoch=0 loss=0.007513  [█████░░░░░░░░░░░░░░░░░░░░░░░░░]  18.5%  ETA 998s
[2026-08-04 18:26:17] [train] step=38 epoch=0 loss=0.008068  [█████░░░░░░░░░░░░░░░░░░░░░░░░░]  19.0%  ETA 993s
[2026-08-04 18:26:23] [train] step=39 epoch=0 loss=0.007631  [█████░░░░░░░░░░░░░░░░░░░░░░░░░]  19.5%  ETA 988s
[2026-08-04 18:26:29] [train] step=40 epoch=0 loss=0.007933  [██████░░░░░░░░░░░░░░░░░░░░░░░░]  20.0%  ETA 983s
[2026-08-04 18:26:29] [eval] starting eval @ step=40  [██████░░░░░░░░░░░░░░░░░░░░░░░░]  20.0%  ETA 983s
[2026-08-04 18:26:35] [eval] step=40 eval_loss=0.007117  (history: [0.013789678812026978, 0.008275399208068848, 0.0071171969175338745])
[2026-08-04 18:26:42] [train] step=41 epoch=0 loss=0.006794  [██████░░░░░░░░░░░░░░░░░░░░░░░░]  20.5%  ETA 1000s
[2026-08-04 18:26:48] [train] step=42 epoch=0 loss=0.007279  [██████░░░░░░░░░░░░░░░░░░░░░░░░]  21.0%  ETA 993s
[2026-08-04 18:26:53] [train] step=43 epoch=0 loss=0.007983  [██████░░░░░░░░░░░░░░░░░░░░░░░░]  21.5%  ETA 985s
[2026-08-04 18:26:59] [train] step=44 epoch=0 loss=0.008439  [██████░░░░░░░░░░░░░░░░░░░░░░░░]  22.0%  ETA 977s
[2026-08-04 18:27:05] [train] step=45 epoch=0 loss=0.008540  [██████░░░░░░░░░░░░░░░░░░░░░░░░]  22.5%  ETA 970s
[2026-08-04 18:27:11] [train] step=46 epoch=0 loss=0.006035  [██████░░░░░░░░░░░░░░░░░░░░░░░░]  23.0%  ETA 963s
[2026-08-04 18:27:17] [train] step=47 epoch=0 loss=0.007381  [███████░░░░░░░░░░░░░░░░░░░░░░░]  23.5%  ETA 956s
[2026-08-04 18:27:23] [train] step=48 epoch=0 loss=0.007127  [███████░░░░░░░░░░░░░░░░░░░░░░░]  24.0%  ETA 949s
[2026-08-04 18:27:30] [train] step=49 epoch=0 loss=0.007118  [███████░░░░░░░░░░░░░░░░░░░░░░░]  24.5%  ETA 943s
[2026-08-04 18:27:36] [train] step=50 epoch=0 loss=0.008268  [███████░░░░░░░░░░░░░░░░░░░░░░░]  25.0%  ETA 936s
[2026-08-04 18:27:42] [train] step=51 epoch=0 loss=0.007223  [███████░░░░░░░░░░░░░░░░░░░░░░░]  25.5%  ETA 930s
[2026-08-04 18:27:48] [train] step=52 epoch=0 loss=0.007923  [███████░░░░░░░░░░░░░░░░░░░░░░░]  26.0%  ETA 923s
[2026-08-04 18:27:54] [train] step=53 epoch=0 loss=0.007176  [███████░░░░░░░░░░░░░░░░░░░░░░░]  26.5%  ETA 916s
[2026-08-04 18:28:00] [train] step=54 epoch=0 loss=0.007954  [████████░░░░░░░░░░░░░░░░░░░░░░]  27.0%  ETA 909s
[2026-08-04 18:28:06] [train] step=55 epoch=0 loss=0.006848  [████████░░░░░░░░░░░░░░░░░░░░░░]  27.5%  ETA 902s
[2026-08-04 18:28:12] [train] step=56 epoch=0 loss=0.008697  [████████░░░░░░░░░░░░░░░░░░░░░░]  28.0%  ETA 895s
[2026-08-04 18:28:18] [train] step=57 epoch=0 loss=0.007421  [████████░░░░░░░░░░░░░░░░░░░░░░]  28.5%  ETA 889s
[2026-08-04 18:28:24] [train] step=58 epoch=0 loss=0.007820  [████████░░░░░░░░░░░░░░░░░░░░░░]  29.0%  ETA 883s
[2026-08-04 18:28:30] [train] step=59 epoch=0 loss=0.007730  [████████░░░░░░░░░░░░░░░░░░░░░░]  29.5%  ETA 876s
[2026-08-04 18:28:36] [train] step=60 epoch=0 loss=0.007345  [█████████░░░░░░░░░░░░░░░░░░░░░]  30.0%  ETA 869s
[2026-08-04 18:28:36] [eval] starting eval @ step=60  [█████████░░░░░░░░░░░░░░░░░░░░░]  30.0%  ETA 869s
[2026-08-04 18:28:41] [eval] step=60 eval_loss=0.006589  (history: [0.013789678812026978, 0.008275399208068848, 0.0071171969175338745, 0.006589235663414001])
[2026-08-04 18:28:47] [train] step=61 epoch=0 loss=0.006308  [█████████░░░░░░░░░░░░░░░░░░░░░]  30.5%  ETA 873s
[2026-08-04 18:28:52] [train] step=62 epoch=0 loss=0.007583  [█████████░░░░░░░░░░░░░░░░░░░░░]  31.0%  ETA 865s
[2026-08-04 18:28:58] [train] step=63 epoch=0 loss=0.008047  [█████████░░░░░░░░░░░░░░░░░░░░░]  31.5%  ETA 857s
[2026-08-04 18:29:03] [train] step=64 epoch=0 loss=0.007668  [█████████░░░░░░░░░░░░░░░░░░░░░]  32.0%  ETA 850s
[2026-08-04 18:29:09] [train] step=65 epoch=0 loss=0.007538  [█████████░░░░░░░░░░░░░░░░░░░░░]  32.5%  ETA 842s
[2026-08-04 18:29:15] [train] step=66 epoch=0 loss=0.007266  [█████████░░░░░░░░░░░░░░░░░░░░░]  33.0%  ETA 834s
[2026-08-04 18:29:20] [train] step=67 epoch=0 loss=0.007042  [██████████░░░░░░░░░░░░░░░░░░░░]  33.5%  ETA 826s
[2026-08-04 18:29:26] [train] step=68 epoch=0 loss=0.007666  [██████████░░░░░░░░░░░░░░░░░░░░]  34.0%  ETA 820s
[2026-08-04 18:29:31] [train] step=69 epoch=0 loss=0.006590  [██████████░░░░░░░░░░░░░░░░░░░░]  34.5%  ETA 812s
[2026-08-04 18:29:37] [train] step=70 epoch=0 loss=0.007974  [██████████░░░░░░░░░░░░░░░░░░░░]  35.0%  ETA 805s
[2026-08-04 18:29:43] [train] step=71 epoch=0 loss=0.006469  [██████████░░░░░░░░░░░░░░░░░░░░]  35.5%  ETA 797s
[2026-08-04 18:29:48] [train] step=72 epoch=0 loss=0.008062  [██████████░░░░░░░░░░░░░░░░░░░░]  36.0%  ETA 791s
[2026-08-04 18:29:54] [train] step=73 epoch=0 loss=0.006457  [██████████░░░░░░░░░░░░░░░░░░░░]  36.5%  ETA 783s
[2026-08-04 18:29:59] [train] step=74 epoch=0 loss=0.007475  [███████████░░░░░░░░░░░░░░░░░░░]  37.0%  ETA 776s
[2026-08-04 18:30:05] [train] step=75 epoch=0 loss=0.007100  [███████████░░░░░░░░░░░░░░░░░░░]  37.5%  ETA 769s
[2026-08-04 18:30:10] [train] step=76 epoch=0 loss=0.006436  [███████████░░░░░░░░░░░░░░░░░░░]  38.0%  ETA 762s
[2026-08-04 18:30:16] [train] step=77 epoch=0 loss=0.007344  [███████████░░░░░░░░░░░░░░░░░░░]  38.5%  ETA 754s
[2026-08-04 18:30:21] [train] step=78 epoch=0 loss=0.008543  [███████████░░░░░░░░░░░░░░░░░░░]  39.0%  ETA 747s
[2026-08-04 18:30:27] [train] step=79 epoch=0 loss=0.006049  [███████████░░░░░░░░░░░░░░░░░░░]  39.5%  ETA 740s
[2026-08-04 18:30:33] [train] step=80 epoch=0 loss=0.007829  [████████████░░░░░░░░░░░░░░░░░░]  40.0%  ETA 734s
[2026-08-04 18:30:33] [eval] starting eval @ step=80  [████████████░░░░░░░░░░░░░░░░░░]  40.0%  ETA 734s
[2026-08-04 18:30:38] [eval] step=80 eval_loss=0.006323  (history: [0.013789678812026978, 0.008275399208068848, 0.0071171969175338745, 0.006589235663414001, 0.006323128342628479])
[2026-08-04 18:30:44] [train] step=81 epoch=0 loss=0.008894  [████████████░░░░░░░░░░░░░░░░░░]  40.5%  ETA 734s
[2026-08-04 18:30:49] [train] step=82 epoch=0 loss=0.007001  [████████████░░░░░░░░░░░░░░░░░░]  41.0%  ETA 728s
[2026-08-04 18:30:55] [train] step=83 epoch=0 loss=0.008722  [████████████░░░░░░░░░░░░░░░░░░]  41.5%  ETA 721s
[2026-08-04 18:31:00] [train] step=84 epoch=0 loss=0.006942  [████████████░░░░░░░░░░░░░░░░░░]  42.0%  ETA 714s
[2026-08-04 18:31:06] [train] step=85 epoch=0 loss=0.007309  [████████████░░░░░░░░░░░░░░░░░░]  42.5%  ETA 707s
[2026-08-04 18:31:11] [train] step=86 epoch=0 loss=0.006600  [████████████░░░░░░░░░░░░░░░░░░]  43.0%  ETA 699s
[2026-08-04 18:31:17] [train] step=87 epoch=0 loss=0.006701  [█████████████░░░░░░░░░░░░░░░░░]  43.5%  ETA 693s
[2026-08-04 18:31:23] [train] step=88 epoch=0 loss=0.007114  [█████████████░░░░░░░░░░░░░░░░░]  44.0%  ETA 686s
[2026-08-04 18:31:29] [train] step=89 epoch=0 loss=0.007602  [█████████████░░░░░░░░░░░░░░░░░]  44.5%  ETA 680s
[2026-08-04 18:31:35] [train] step=90 epoch=0 loss=0.007019  [█████████████░░░░░░░░░░░░░░░░░]  45.0%  ETA 674s
[2026-08-04 18:31:41] [train] step=91 epoch=0 loss=0.007817  [█████████████░░░░░░░░░░░░░░░░░]  45.5%  ETA 668s
[2026-08-04 18:31:47] [train] step=92 epoch=0 loss=0.006791  [█████████████░░░░░░░░░░░░░░░░░]  46.0%  ETA 662s
[2026-08-04 18:31:54] [train] step=93 epoch=0 loss=0.007989  [█████████████░░░░░░░░░░░░░░░░░]  46.5%  ETA 656s
[2026-08-04 18:32:00] [train] step=94 epoch=0 loss=0.006857  [██████████████░░░░░░░░░░░░░░░░]  47.0%  ETA 650s
[2026-08-04 18:32:06] [train] step=95 epoch=0 loss=0.007382  [██████████████░░░░░░░░░░░░░░░░]  47.5%  ETA 643s
[2026-08-04 18:32:12] [train] step=96 epoch=0 loss=0.007225  [██████████████░░░░░░░░░░░░░░░░]  48.0%  ETA 637s
[2026-08-04 18:32:18] [train] step=97 epoch=0 loss=0.007205  [██████████████░░░░░░░░░░░░░░░░]  48.5%  ETA 631s
[2026-08-04 18:32:24] [train] step=98 epoch=0 loss=0.007078  [██████████████░░░░░░░░░░░░░░░░]  49.0%  ETA 625s
[2026-08-04 18:32:31] [train] step=99 epoch=0 loss=0.006007  [██████████████░░░░░░░░░░░░░░░░]  49.5%  ETA 619s
[2026-08-04 18:32:37] [train] step=100 epoch=0 loss=0.007417  [███████████████░░░░░░░░░░░░░░░]  50.0%  ETA 613s
[2026-08-04 18:32:37] [eval] starting eval @ step=100  [███████████████░░░░░░░░░░░░░░░]  50.0%  ETA 613s
[2026-08-04 18:32:42] [eval] step=100 eval_loss=0.006059  (history: [0.013789678812026978, 0.008275399208068848, 0.0071171969175338745, 0.006589235663414001, 0.006323128342628479, 0.006059078574180603])
[2026-08-04 18:32:48] [train] step=101 epoch=0 loss=0.007637  [███████████████░░░░░░░░░░░░░░░]  50.5%  ETA 612s
[2026-08-04 18:32:53] [train] step=102 epoch=0 loss=0.007286  [███████████████░░░░░░░░░░░░░░░]  51.0%  ETA 605s
[2026-08-04 18:32:59] [train] step=103 epoch=0 loss=0.007550  [███████████████░░░░░░░░░░░░░░░]  51.5%  ETA 598s
[2026-08-04 18:33:05] [train] step=104 epoch=0 loss=0.007430  [███████████████░░░░░░░░░░░░░░░]  52.0%  ETA 592s
[2026-08-04 18:33:11] [train] step=105 epoch=0 loss=0.006758  [███████████████░░░░░░░░░░░░░░░]  52.5%  ETA 586s
[2026-08-04 18:33:17] [train] step=106 epoch=0 loss=0.006552  [███████████████░░░░░░░░░░░░░░░]  53.0%  ETA 579s
[2026-08-04 18:33:23] [train] step=107 epoch=0 loss=0.006474  [████████████████░░░░░░░░░░░░░░]  53.5%  ETA 573s
[2026-08-04 18:33:28] [train] step=108 epoch=0 loss=0.006880  [████████████████░░░░░░░░░░░░░░]  54.0%  ETA 566s
[2026-08-04 18:33:34] [train] step=109 epoch=0 loss=0.007758  [████████████████░░░░░░░░░░░░░░]  54.5%  ETA 560s
[2026-08-04 18:33:40] [train] step=110 epoch=0 loss=0.007010  [████████████████░░░░░░░░░░░░░░]  55.0%  ETA 553s
[2026-08-04 18:33:46] [train] step=111 epoch=0 loss=0.007182  [████████████████░░░░░░░░░░░░░░]  55.5%  ETA 547s
[2026-08-04 18:33:51] [train] step=112 epoch=0 loss=0.006470  [████████████████░░░░░░░░░░░░░░]  56.0%  ETA 540s
[2026-08-04 18:33:57] [train] step=113 epoch=0 loss=0.006680  [████████████████░░░░░░░░░░░░░░]  56.5%  ETA 534s
[2026-08-04 18:34:03] [train] step=114 epoch=0 loss=0.007192  [█████████████████░░░░░░░░░░░░░]  57.0%  ETA 527s
[2026-08-04 18:34:08] [train] step=115 epoch=0 loss=0.007186  [█████████████████░░░░░░░░░░░░░]  57.5%  ETA 521s
[2026-08-04 18:34:14] [train] step=116 epoch=0 loss=0.006795  [█████████████████░░░░░░░░░░░░░]  58.0%  ETA 514s
[2026-08-04 18:34:20] [train] step=117 epoch=0 loss=0.006074  [█████████████████░░░░░░░░░░░░░]  58.5%  ETA 508s
[2026-08-04 18:34:25] [train] step=118 epoch=0 loss=0.006449  [█████████████████░░░░░░░░░░░░░]  59.0%  ETA 501s
[2026-08-04 18:34:31] [train] step=119 epoch=0 loss=0.007934  [█████████████████░░░░░░░░░░░░░]  59.5%  ETA 495s
[2026-08-04 18:34:37] [train] step=120 epoch=0 loss=0.006178  [██████████████████░░░░░░░░░░░░]  60.0%  ETA 489s
[2026-08-04 18:34:37] [eval] starting eval @ step=120  [██████████████████░░░░░░░░░░░░]  60.0%  ETA 489s
[2026-08-04 18:34:42] [eval] step=120 eval_loss=0.005900  (history: [0.013789678812026978, 0.008275399208068848, 0.0071171969175338745, 0.006589235663414001, 0.006323128342628479, 0.006059078574180603, 0.005900407433509827])
[2026-08-04 18:34:47] [train] step=121 epoch=0 loss=0.007039  [██████████████████░░░░░░░░░░░░]  60.5%  ETA 485s
[2026-08-04 18:34:53] [train] step=122 epoch=0 loss=0.006482  [██████████████████░░░░░░░░░░░░]  61.0%  ETA 479s
[2026-08-04 18:34:58] [train] step=123 epoch=0 loss=0.007202  [██████████████████░░░░░░░░░░░░]  61.5%  ETA 472s
[2026-08-04 18:35:04] [train] step=124 epoch=0 loss=0.007566  [██████████████████░░░░░░░░░░░░]  62.0%  ETA 466s
[2026-08-04 18:35:10] [train] step=125 epoch=0 loss=0.007628  [██████████████████░░░░░░░░░░░░]  62.5%  ETA 460s
[2026-08-04 18:35:15] [train] step=126 epoch=0 loss=0.007347  [██████████████████░░░░░░░░░░░░]  63.0%  ETA 453s
[2026-08-04 18:35:21] [train] step=127 epoch=0 loss=0.007334  [███████████████████░░░░░░░░░░░]  63.5%  ETA 447s
[2026-08-04 18:35:27] [train] step=128 epoch=0 loss=0.006874  [███████████████████░░░░░░░░░░░]  64.0%  ETA 441s
[2026-08-04 18:35:33] [train] step=129 epoch=0 loss=0.006913  [███████████████████░░░░░░░░░░░]  64.5%  ETA 435s
[2026-08-04 18:35:39] [train] step=130 epoch=0 loss=0.006671  [███████████████████░░░░░░░░░░░]  65.0%  ETA 428s
[2026-08-04 18:35:45] [train] step=131 epoch=0 loss=0.007205  [███████████████████░░░░░░░░░░░]  65.5%  ETA 422s
[2026-08-04 18:35:50] [train] step=132 epoch=0 loss=0.006799  [███████████████████░░░░░░░░░░░]  66.0%  ETA 415s
[2026-08-04 18:35:56] [train] step=133 epoch=0 loss=0.008024  [███████████████████░░░░░░░░░░░]  66.5%  ETA 409s
[2026-08-04 18:36:01] [train] step=134 epoch=0 loss=0.007191  [████████████████████░░░░░░░░░░]  67.0%  ETA 403s
[2026-08-04 18:36:07] [train] step=135 epoch=0 loss=0.006553  [████████████████████░░░░░░░░░░]  67.5%  ETA 396s
[2026-08-04 18:36:12] [train] step=136 epoch=0 loss=0.007826  [████████████████████░░░░░░░░░░]  68.0%  ETA 390s
[2026-08-04 18:36:18] [train] step=137 epoch=0 loss=0.005938  [████████████████████░░░░░░░░░░]  68.5%  ETA 383s
[2026-08-04 18:36:23] [train] step=138 epoch=0 loss=0.006389  [████████████████████░░░░░░░░░░]  69.0%  ETA 377s
[2026-08-04 18:36:29] [train] step=139 epoch=0 loss=0.007374  [████████████████████░░░░░░░░░░]  69.5%  ETA 371s
[2026-08-04 18:36:35] [train] step=140 epoch=0 loss=0.006651  [█████████████████████░░░░░░░░░]  70.0%  ETA 365s
[2026-08-04 18:36:35] [eval] starting eval @ step=140  [█████████████████████░░░░░░░░░]  70.0%  ETA 365s
[2026-08-04 18:36:40] [eval] step=140 eval_loss=0.005711  (history: [0.013789678812026978, 0.008275399208068848, 0.0071171969175338745, 0.006589235663414001, 0.006323128342628479, 0.006059078574180603, 0.005900407433509827, 0.005711310505867004])
[2026-08-04 18:36:45] [train] step=141 epoch=0 loss=0.007205  [█████████████████████░░░░░░░░░]  70.5%  ETA 360s
[2026-08-04 18:36:51] [train] step=142 epoch=0 loss=0.006912  [█████████████████████░░░░░░░░░]  71.0%  ETA 354s
[2026-08-04 18:36:56] [train] step=143 epoch=0 loss=0.005858  [█████████████████████░░░░░░░░░]  71.5%  ETA 348s
[2026-08-04 18:37:02] [train] step=144 epoch=0 loss=0.006784  [█████████████████████░░░░░░░░░]  72.0%  ETA 341s
[2026-08-04 18:37:07] [train] step=145 epoch=0 loss=0.007921  [█████████████████████░░░░░░░░░]  72.5%  ETA 335s
[2026-08-04 18:37:12] [train] step=146 epoch=0 loss=0.007456  [█████████████████████░░░░░░░░░]  73.0%  ETA 329s
[2026-08-04 18:37:18] [train] step=147 epoch=0 loss=0.006786  [██████████████████████░░░░░░░░]  73.5%  ETA 322s
[2026-08-04 18:37:23] [train] step=148 epoch=0 loss=0.005996  [██████████████████████░░░░░░░░]  74.0%  ETA 316s
[2026-08-04 18:37:29] [train] step=149 epoch=0 loss=0.006876  [██████████████████████░░░░░░░░]  74.5%  ETA 310s
[2026-08-04 18:37:34] [train] step=150 epoch=0 loss=0.007093  [██████████████████████░░░░░░░░]  75.0%  ETA 303s
[2026-08-04 18:37:40] [train] step=151 epoch=0 loss=0.006099  [██████████████████████░░░░░░░░]  75.5%  ETA 297s
[2026-08-04 18:37:45] [train] step=152 epoch=0 loss=0.006779  [██████████████████████░░░░░░░░]  76.0%  ETA 291s
[2026-08-04 18:37:50] [train] step=153 epoch=0 loss=0.006223  [██████████████████████░░░░░░░░]  76.5%  ETA 285s
[2026-08-04 18:37:56] [train] step=154 epoch=0 loss=0.006669  [███████████████████████░░░░░░░]  77.0%  ETA 278s
[2026-08-04 18:38:01] [train] step=155 epoch=0 loss=0.006391  [███████████████████████░░░░░░░]  77.5%  ETA 272s
[2026-08-04 18:38:07] [train] step=156 epoch=0 loss=0.006871  [███████████████████████░░░░░░░]  78.0%  ETA 266s
[2026-08-04 18:38:12] [train] step=157 epoch=0 loss=0.006821  [███████████████████████░░░░░░░]  78.5%  ETA 260s
[2026-08-04 18:38:18] [train] step=158 epoch=0 loss=0.008367  [███████████████████████░░░░░░░]  79.0%  ETA 254s
[2026-08-04 18:38:23] [train] step=159 epoch=0 loss=0.006286  [███████████████████████░░░░░░░]  79.5%  ETA 247s
[2026-08-04 18:38:28] [train] step=160 epoch=0 loss=0.006795  [████████████████████████░░░░░░]  80.0%  ETA 241s
[2026-08-04 18:38:28] [eval] starting eval @ step=160  [████████████████████████░░░░░░]  80.0%  ETA 241s
[2026-08-04 18:38:33] [eval] step=160 eval_loss=0.005575  (history: [0.013789678812026978, 0.008275399208068848, 0.0071171969175338745, 0.006589235663414001, 0.006323128342628479, 0.006059078574180603, 0.005900407433509827, 0.005711310505867004, 0.00557481050491333])
[2026-08-04 18:38:39] [train] step=161 epoch=0 loss=0.006096  [████████████████████████░░░░░░]  80.5%  ETA 236s
[2026-08-04 18:38:44] [train] step=162 epoch=0 loss=0.007571  [████████████████████████░░░░░░]  81.0%  ETA 230s
[2026-08-04 18:38:50] [train] step=163 epoch=0 loss=0.007309  [████████████████████████░░░░░░]  81.5%  ETA 224s
[2026-08-04 18:38:55] [train] step=164 epoch=0 loss=0.007048  [████████████████████████░░░░░░]  82.0%  ETA 218s
[2026-08-04 18:39:01] [train] step=165 epoch=0 loss=0.007113  [████████████████████████░░░░░░]  82.5%  ETA 212s
[2026-08-04 18:39:06] [train] step=166 epoch=0 loss=0.007266  [████████████████████████░░░░░░]  83.0%  ETA 205s
[2026-08-04 18:39:12] [train] step=167 epoch=0 loss=0.007658  [█████████████████████████░░░░░]  83.5%  ETA 199s
[2026-08-04 18:39:18] [train] step=168 epoch=0 loss=0.005971  [█████████████████████████░░░░░]  84.0%  ETA 193s
[2026-08-04 18:39:23] [train] step=169 epoch=0 loss=0.006170  [█████████████████████████░░░░░]  84.5%  ETA 187s
[2026-08-04 18:39:29] [train] step=170 epoch=0 loss=0.006603  [█████████████████████████░░░░░]  85.0%  ETA 181s
[2026-08-04 18:39:34] [train] step=171 epoch=0 loss=0.007032  [█████████████████████████░░░░░]  85.5%  ETA 175s
[2026-08-04 18:39:40] [train] step=172 epoch=0 loss=0.007414  [█████████████████████████░░░░░]  86.0%  ETA 169s
[2026-08-04 18:39:46] [train] step=173 epoch=0 loss=0.006710  [█████████████████████████░░░░░]  86.5%  ETA 163s
[2026-08-04 18:39:52] [train] step=174 epoch=0 loss=0.006116  [██████████████████████████░░░░]  87.0%  ETA 157s
[2026-08-04 18:39:58] [train] step=175 epoch=0 loss=0.006206  [██████████████████████████░░░░]  87.5%  ETA 151s
[2026-08-04 18:40:04] [train] step=176 epoch=0 loss=0.005944  [██████████████████████████░░░░]  88.0%  ETA 145s
[2026-08-04 18:40:09] [train] step=177 epoch=0 loss=0.006479  [██████████████████████████░░░░]  88.5%  ETA 138s
[2026-08-04 18:40:15] [train] step=178 epoch=0 loss=0.006338  [██████████████████████████░░░░]  89.0%  ETA 132s
[2026-08-04 18:40:21] [train] step=179 epoch=0 loss=0.006646  [██████████████████████████░░░░]  89.5%  ETA 126s
[2026-08-04 18:40:27] [train] step=180 epoch=0 loss=0.006218  [███████████████████████████░░░]  90.0%  ETA 120s
[2026-08-04 18:40:27] [eval] starting eval @ step=180  [███████████████████████████░░░]  90.0%  ETA 120s
[2026-08-04 18:40:33] [eval] step=180 eval_loss=0.005485  (history: [0.013789678812026978, 0.008275399208068848, 0.0071171969175338745, 0.006589235663414001, 0.006323128342628479, 0.006059078574180603, 0.005900407433509827, 0.005711310505867004, 0.00557481050491333, 0.005485092401504517])
[2026-08-04 18:40:39] [train] step=181 epoch=0 loss=0.006716  [███████████████████████████░░░]  90.5%  ETA 115s
[2026-08-04 18:40:45] [train] step=182 epoch=0 loss=0.006026  [███████████████████████████░░░]  91.0%  ETA 109s
[2026-08-04 18:40:50] [train] step=183 epoch=0 loss=0.007090  [███████████████████████████░░░]  91.5%  ETA 103s
[2026-08-04 18:40:56] [train] step=184 epoch=0 loss=0.006434  [███████████████████████████░░░]  92.0%  ETA 97s
[2026-08-04 18:41:02] [train] step=185 epoch=0 loss=0.006135  [███████████████████████████░░░]  92.5%  ETA 91s
[2026-08-04 18:41:08] [train] step=186 epoch=0 loss=0.007842  [███████████████████████████░░░]  93.0%  ETA 85s
[2026-08-04 18:41:13] [train] step=187 epoch=0 loss=0.006848  [████████████████████████████░░]  93.5%  ETA 79s
[2026-08-04 18:41:19] [train] step=188 epoch=0 loss=0.006649  [████████████████████████████░░]  94.0%  ETA 72s
[2026-08-04 18:41:25] [train] step=189 epoch=0 loss=0.006908  [████████████████████████████░░]  94.5%  ETA 66s
[2026-08-04 18:41:30] [train] step=190 epoch=0 loss=0.007346  [████████████████████████████░░]  95.0%  ETA 60s
[2026-08-04 18:41:36] [train] step=191 epoch=0 loss=0.007033  [████████████████████████████░░]  95.5%  ETA 54s
[2026-08-04 18:41:41] [train] step=192 epoch=0 loss=0.006523  [████████████████████████████░░]  96.0%  ETA 48s
[2026-08-04 18:41:47] [train] step=193 epoch=0 loss=0.006248  [████████████████████████████░░]  96.5%  ETA 42s
[2026-08-04 18:41:52] [train] step=194 epoch=0 loss=0.006862  [█████████████████████████████░]  97.0%  ETA 36s
[2026-08-04 18:41:58] [train] step=195 epoch=0 loss=0.006648  [█████████████████████████████░]  97.5%  ETA 30s
[2026-08-04 18:42:03] [train] step=196 epoch=0 loss=0.006274  [█████████████████████████████░]  98.0%  ETA 24s
[2026-08-04 18:42:09] [train] step=197 epoch=0 loss=0.006212  [█████████████████████████████░]  98.5%  ETA 18s
[2026-08-04 18:42:14] [train] step=198 epoch=0 loss=0.006682  [█████████████████████████████░]  99.0%  ETA 12s
[2026-08-04 18:42:20] [train] step=199 epoch=0 loss=0.006691  [█████████████████████████████░]  99.5%  ETA 6s
[2026-08-04 18:42:25] [train] step=200 epoch=0 loss=0.007928  [██████████████████████████████] 100.0%  ETA 0s
[2026-08-04 18:42:25] [train] reached max_update_steps=200, stopping (total wall time 1201s)
